Archive member included to satisfy reference by file (symbol)

c:/st/stm32cubeide_1.3.0/stm32cubeide/plugins/com.st.stm32cube.ide.mcu.externaltools.gnu-tools-for-stm32.11.3.rel1.win32_1.0.100.202301251239/tools/bin/../lib/gcc/arm-none-eabi/11.3.1/../../../../arm-none-eabi/lib/thumb/v7-m/nofp\libc_nano.a(libc_a-exit.o)
                              c:/st/stm32cubeide_1.3.0/stm32cubeide/plugins/com.st.stm32cube.ide.mcu.externaltools.gnu-tools-for-stm32.11.3.rel1.win32_1.0.100.202301251239/tools/bin/../lib/gcc/arm-none-eabi/11.3.1/../../../../arm-none-eabi/lib/thumb/v7-m/nofp/crt0.o (exit)
c:/st/stm32cubeide_1.3.0/stm32cubeide/plugins/com.st.stm32cube.ide.mcu.externaltools.gnu-tools-for-stm32.11.3.rel1.win32_1.0.100.202301251239/tools/bin/../lib/gcc/arm-none-eabi/11.3.1/../../../../arm-none-eabi/lib/thumb/v7-m/nofp\libc_nano.a(libc_a-findfp.o)
                              c:/st/stm32cubeide_1.3.0/stm32cubeide/plugins/com.st.stm32cube.ide.mcu.externaltools.gnu-tools-for-stm32.11.3.rel1.win32_1.0.100.202301251239/tools/bin/../lib/gcc/arm-none-eabi/11.3.1/../../../../arm-none-eabi/lib/thumb/v7-m/nofp\libc_nano.a(libc_a-exit.o) (__stdio_exit_handler)
c:/st/stm32cubeide_1.3.0/stm32cubeide/plugins/com.st.stm32cube.ide.mcu.externaltools.gnu-tools-for-stm32.11.3.rel1.win32_1.0.100.202301251239/tools/bin/../lib/gcc/arm-none-eabi/11.3.1/../../../../arm-none-eabi/lib/thumb/v7-m/nofp\libc_nano.a(libc_a-fwalk.o)
                              c:/st/stm32cubeide_1.3.0/stm32cubeide/plugins/com.st.stm32cube.ide.mcu.externaltools.gnu-tools-for-stm32.11.3.rel1.win32_1.0.100.202301251239/tools/bin/../lib/gcc/arm-none-eabi/11.3.1/../../../../arm-none-eabi/lib/thumb/v7-m/nofp\libc_nano.a(libc_a-findfp.o) (_fwalk_sglue)
c:/st/stm32cubeide_1.3.0/stm32cubeide/plugins/com.st.stm32cube.ide.mcu.externaltools.gnu-tools-for-stm32.11.3.rel1.win32_1.0.100.202301251239/tools/bin/../lib/gcc/arm-none-eabi/11.3.1/../../../../arm-none-eabi/lib/thumb/v7-m/nofp\libc_nano.a(libc_a-puts.o)
                              ./Core/Src/SchM_DigitalClock.o (puts)
c:/st/stm32cubeide_1.3.0/stm32cubeide/plugins/com.st.stm32cube.ide.mcu.externaltools.gnu-tools-for-stm32.11.3.rel1.win32_1.0.100.202301251239/tools/bin/../lib/gcc/arm-none-eabi/11.3.1/../../../../arm-none-eabi/lib/thumb/v7-m/nofp\libc_nano.a(libc_a-sprintf.o)
                              ./Core/Src/SchM_DigitalClock.o (sprintf)
c:/st/stm32cubeide_1.3.0/stm32cubeide/plugins/com.st.stm32cube.ide.mcu.externaltools.gnu-tools-for-stm32.11.3.rel1.win32_1.0.100.202301251239/tools/bin/../lib/gcc/arm-none-eabi/11.3.1/../../../../arm-none-eabi/lib/thumb/v7-m/nofp\libc_nano.a(libc_a-stdio.o)
                              c:/st/stm32cubeide_1.3.0/stm32cubeide/plugins/com.st.stm32cube.ide.mcu.externaltools.gnu-tools-for-stm32.11.3.rel1.win32_1.0.100.202301251239/tools/bin/../lib/gcc/arm-none-eabi/11.3.1/../../../../arm-none-eabi/lib/thumb/v7-m/nofp\libc_nano.a(libc_a-findfp.o) (__sread)
c:/st/stm32cubeide_1.3.0/stm32cubeide/plugins/com.st.stm32cube.ide.mcu.externaltools.gnu-tools-for-stm32.11.3.rel1.win32_1.0.100.202301251239/tools/bin/../lib/gcc/arm-none-eabi/11.3.1/../../../../arm-none-eabi/lib/thumb/v7-m/nofp\libc_nano.a(libc_a-wbuf.o)
                              c:/st/stm32cubeide_1.3.0/stm32cubeide/plugins/com.st.stm32cube.ide.mcu.externaltools.gnu-tools-for-stm32.11.3.rel1.win32_1.0.100.202301251239/tools/bin/../lib/gcc/arm-none-eabi/11.3.1/../../../../arm-none-eabi/lib/thumb/v7-m/nofp\libc_nano.a(libc_a-puts.o) (__swbuf_r)
c:/st/stm32cubeide_1.3.0/stm32cubeide/plugins/com.st.stm32cube.ide.mcu.externaltools.gnu-tools-for-stm32.11.3.rel1.win32_1.0.100.202301251239/tools/bin/../lib/gcc/arm-none-eabi/11.3.1/../../../../arm-none-eabi/lib/thumb/v7-m/nofp\libc_nano.a(libc_a-wsetup.o)
                              c:/st/stm32cubeide_1.3.0/stm32cubeide/plugins/com.st.stm32cube.ide.mcu.externaltools.gnu-tools-for-stm32.11.3.rel1.win32_1.0.100.202301251239/tools/bin/../lib/gcc/arm-none-eabi/11.3.1/../../../../arm-none-eabi/lib/thumb/v7-m/nofp\libc_nano.a(libc_a-puts.o) (__swsetup_r)
c:/st/stm32cubeide_1.3.0/stm32cubeide/plugins/com.st.stm32cube.ide.mcu.externaltools.gnu-tools-for-stm32.11.3.rel1.win32_1.0.100.202301251239/tools/bin/../lib/gcc/arm-none-eabi/11.3.1/../../../../arm-none-eabi/lib/thumb/v7-m/nofp\libc_nano.a(libc_a-memcmp.o)
                              ./ThirdParty/SystemView_SEGGER/Sample/FreeRTOS/SEGGER_SYSVIEW_FreeRTOS.o (memcmp)
c:/st/stm32cubeide_1.3.0/stm32cubeide/plugins/com.st.stm32cube.ide.mcu.externaltools.gnu-tools-for-stm32.11.3.rel1.win32_1.0.100.202301251239/tools/bin/../lib/gcc/arm-none-eabi/11.3.1/../../../../arm-none-eabi/lib/thumb/v7-m/nofp\libc_nano.a(libc_a-memset.o)
                              c:/st/stm32cubeide_1.3.0/stm32cubeide/plugins/com.st.stm32cube.ide.mcu.externaltools.gnu-tools-for-stm32.11.3.rel1.win32_1.0.100.202301251239/tools/bin/../lib/gcc/arm-none-eabi/11.3.1/../../../../arm-none-eabi/lib/thumb/v7-m/nofp/crt0.o (memset)
[...]
Memory Configuration

Name             Origin             Length             Attributes
RAM              0x0000000020000000 0x0000000000005000 xrw
FLASH            0x0000000008000000 0x0000000000010000 xr
*default*        0x0000000000000000 0xffffffffffffffff

Linker script and memory map

LOAD c:/st/stm32cubeide_1.3.0/stm32cubeide/plugins/com.st.stm32cube.ide.mcu.externaltools.gnu-tools-for-stm32.11.3.rel1.win32_1.0.100.202301251239/tools/bin/../lib/gcc/arm-none-eabi/11.3.1/thumb/v7-m/nofp/crti.o
LOAD c:/st/stm32cubeide_1.3.0/stm32cubeide/plugins/com.st.stm32cube.ide.mcu.externaltools.gnu-tools-for-stm32.11.3.rel1.win32_1.0.100.202301251239/tools/bin/../lib/gcc/arm-none-eabi/11.3.1/thumb/v7-m/nofp/crtbegin.o
LOAD c:/st/stm32cubeide_1.3.0/stm32cubeide/plugins/com.st.stm32cube.ide.mcu.externaltools.gnu-tools-for-stm32.11.3.rel1.win32_1.0.100.202301251239/tools/bin/../lib/gcc/arm-none-eabi/11.3.1/../../../../arm-none-eabi/lib/thumb/v7-m/nofp/crt0.o
LOAD ./Core/Src/SchM_DigitalClock.o
LOAD ./Core/Src/gpio.o
LOAD ./Core/Src/main.o
LOAD ./Core/Src/rtc.o
LOAD ./Core/Src/stm32f1xx_hal_msp.o
LOAD ./Core/Src/stm32f1xx_hal_timebase_tim.o
LOAD ./Core/Src/stm32f1xx_it.o
LOAD ./Core/Src/syscalls.o
LOAD ./Core/Src/system_stm32f1xx.o
LOAD ./Core/Src/usart.o
LOAD ./Core/Startup/startup_stm32f103c8tx.o
LOAD ./Drivers/STM32F1xx_HAL_Driver/Src/stm32f1xx_hal.o
LOAD ./Drivers/STM32F1xx_HAL_Driver/Src/stm32f1xx_hal_cortex.o
LOAD ./Drivers/STM32F1xx_HAL_Driver/Src/stm32f1xx_hal_dma.o
LOAD ./Drivers/STM32F1xx_HAL_Driver/Src/stm32f1xx_hal_exti.o
LOAD ./Drivers/STM32F1xx_HAL_Driver/Src/stm32f1xx_hal_flash.o
LOAD ./Drivers/STM32F1xx_HAL_Driver/Src/stm32f1xx_hal_flash_ex.o
LOAD ./Drivers/STM32F1xx_HAL_Driver/Src/stm32f1xx_hal_gpio.o
LOAD ./Drivers/STM32F1xx_HAL_Driver/Src/stm32f1xx_hal_gpio_ex.o
LOAD ./Drivers/STM32F1xx_HAL_Driver/Src/stm32f1xx_hal_pwr.o
LOAD ./Drivers/STM32F1xx_HAL_Driver/Src/stm32f1xx_hal_rcc.o
LOAD ./Drivers/STM32F1xx_HAL_Driver/Src/stm32f1xx_hal_rcc_ex.o
LOAD ./Drivers/STM32F1xx_HAL_Driver/Src/stm32f1xx_hal_rtc.o
LOAD ./Drivers/STM32F1xx_HAL_Driver/Src/stm32f1xx_hal_rtc_ex.o
LOAD ./Drivers/STM32F1xx_HAL_Driver/Src/stm32f1xx_hal_tim.o
LOAD ./Drivers/STM32F1xx_HAL_Driver/Src/stm32f1xx_hal_tim_ex.o
LOAD ./Drivers/STM32F1xx_HAL_Driver/Src/stm32f1xx_hal_uart.o
LOAD ./ThirdParty/FreeRTOS/croutine.o
LOAD ./ThirdParty/FreeRTOS/event_groups.o
LOAD ./ThirdParty/FreeRTOS/list.o
LOAD ./ThirdParty/FreeRTOS/queue.o
LOAD ./ThirdParty/FreeRTOS/stream_buffer.o
LOAD ./ThirdParty/FreeRTOS/tasks.o
LOAD ./ThirdParty/FreeRTOS/timers.o
LOAD ./ThirdParty/FreeRTOS/portable/GCC/ARM_CM3/port.o
LOAD ./ThirdParty/FreeRTOS/portable/MemMang/heap_4.o
LOAD ./ThirdParty/SystemView_SEGGER/Config/SEGGER_SYSVIEW_Config_FreeRTOS.o
LOAD ./ThirdParty/SystemView_SEGGER/SEGGER/SEGGER_RTT.o
LOAD ./ThirdParty/SystemView_SEGGER/SEGGER/SEGGER_RTT_ASM_ARMv7M.o
LOAD ./ThirdParty/SystemView_SEGGER/SEGGER/SEGGER_RTT_printf.o
LOAD ./ThirdParty/SystemView_SEGGER/SEGGER/SEGGER_SYSVIEW.o
LOAD ./ThirdParty/SystemView_SEGGER/SEGGER/Syscalls/SEGGER_RTT_Syscalls_GCC.o
LOAD ./ThirdParty/SystemView_SEGGER/SEGGER/Syscalls/SEGGER_RTT_Syscalls_IAR.o
LOAD ./ThirdParty/SystemView_SEGGER/SEGGER/Syscalls/SEGGER_RTT_Syscalls_KEIL.o
LOAD ./ThirdParty/SystemView_SEGGER/SEGGER/Syscalls/SEGGER_RTT_Syscalls_SES.o
LOAD ./ThirdParty/SystemView_SEGGER/Sample/FreeRTOS/SEGGER_SYSVIEW_FreeRTOS.o
START GROUP
LOAD c:/st/stm32cubeide_1.3.0/stm32cubeide/plugins/com.st.stm32cube.ide.mcu.externaltools.gnu-tools-for-stm32.11.3.rel1.win32_1.0.100.202301251239/tools/bin/../lib/gcc/arm-none-eabi/11.3.1/../../../../arm-none-eabi/lib/thumb/v7-m/nofp\libc_nano.a
LOAD c:/st/stm32cubeide_1.3.0/stm32cubeide/plugins/com.st.stm32cube.ide.mcu.externaltools.gnu-tools-for-stm32.11.3.rel1.win32_1.0.100.202301251239/tools/bin/../lib/gcc/arm-none-eabi/11.3.1/../../../../arm-none-eabi/lib/thumb/v7-m/nofp\libm.a
END GROUP
START GROUP
LOAD c:/st/stm32cubeide_1.3.0/stm32cubeide/plugins/com.st.stm32cube.ide.mcu.externaltools.gnu-tools-for-stm32.11.3.rel1.win32_1.0.100.202301251239/tools/bin/../lib/gcc/arm-none-eabi/11.3.1/thumb/v7-m/nofp\libgcc.a
LOAD c:/st/stm32cubeide_1.3.0/stm32cubeide/plugins/com.st.stm32cube.ide.mcu.externaltools.gnu-tools-for-stm32.11.3.rel1.win32_1.0.100.202301251239/tools/bin/../lib/gcc/arm-none-eabi/11.3.1/../../../../arm-none-eabi/lib/thumb/v7-m/nofp\libc_nano.a
END GROUP
START GROUP
LOAD c:/st/stm32cubeide_1.3.0/stm32cubeide/plugins/com.st.stm32cube.ide.mcu.externaltools.gnu-tools-for-stm32.11.3.rel1.win32_1.0.100.202301251239/tools/bin/../lib/gcc/arm-none-eabi/11.3.1/thumb/v7-m/nofp\libgcc.a
LOAD c:/st/stm32cubeide_1.3.0/stm32cubeide/plugins/com.st.stm32cube.ide.mcu.externaltools.gnu-tools-for-stm32.11.3.rel1.win32_1.0.100.202301251239/tools/bin/../lib/gcc/arm-none-eabi/11.3.1/../../../../arm-none-eabi/lib/thumb/v7-m/nofp\libc_nano.a
LOAD c:/st/stm32cubeide_1.3.0/stm32cubeide/plugins/com.st.stm32cube.ide.mcu.externaltools.gnu-tools-for-stm32.11.3.rel1.win32_1.0.100.202301251239/tools/bin/../lib/gcc/arm-none-eabi/11.3.1/../../../../arm-none-eabi/lib/thumb/v7-m/nofp\libnosys.a
END GROUP
START GROUP
LOAD c:/st/stm32cubeide_1.3.0/stm32cubeide/plugins/com.st.stm32cube.ide.mcu.externaltools.gnu-tools-for-stm32.11.3.rel1.win32_1.0.100.202301251239/tools/bin/../lib/gcc/arm-none-eabi/11.3.1/thumb/v7-m/nofp\libgcc.a
LOAD c:/st/stm32cubeide_1.3.0/stm32cubeide/plugins/com.st.stm32cube.ide.mcu.externaltools.gnu-tools-for-stm32.11.3.rel1.win32_1.0.100.202301251239/tools/bin/../lib/gcc/arm-none-eabi/11.3.1/../../../../arm-none-eabi/lib/thumb/v7-m/nofp\libc_nano.a
LOAD c:/st/stm32cubeide_1.3.0/stm32cubeide/plugins/com.st.stm32cube.ide.mcu.externaltools.gnu-tools-for-stm32.11.3.rel1.win32_1.0.100.202301251239/tools/bin/../lib/gcc/arm-none-eabi/11.3.1/../../../../arm-none-eabi/lib/thumb/v7-m/nofp\libnosys.a
END GROUP
LOAD c:/st/stm32cubeide_1.3.0/stm32cubeide/plugins/com.st.stm32cube.ide.mcu.externaltools.gnu-tools-for-stm32.11.3.rel1.win32_1.0.100.202301251239/tools/bin/../lib/gcc/arm-none-eabi/11.3.1/thumb/v7-m/nofp/crtend.o
LOAD c:/st/stm32cubeide_1.3.0/stm32cubeide/plugins/com.st.stm32cube.ide.mcu.externaltools.gnu-tools-for-stm32.11.3.rel1.win32_1.0.100.202301251239/tools/bin/../lib/gcc/arm-none-eabi/11.3.1/thumb/v7-m/nofp/crtn.o
                0x0000000020005000                _estack = (ORIGIN (RAM) + LENGTH (RAM))
                0x0000000000000200                _Min_Heap_Size = 0x200
                0x0000000000000400                _Min_Stack_Size = 0x400

.isr_vector     0x0000000008000000      0x10c
                0x0000000008000000                . = ALIGN (0x4)
 *(.isr_vector)
 .isr_vector    0x0000000008000000      0x10c ./Core/Startup/startup_stm32f103c8tx.o
                0x0000000008000000                g_pfnVectors
                0x000000000800010c                . = ALIGN (0x4)

.text           0x0000000008000110     0x867c
                0x0000000008000110                . = ALIGN (0x4)
 *(.text)
 .text          0x0000000008000110       0x40 c:/st/stm32cubeide_1.3.0/stm32cubeide/plugins/com.st.stm32cube.ide.mcu.externaltools.gnu-tools-for-stm32.11.3.rel1.win32_1.0.100.202301251239/tools/bin/../lib/gcc/arm-none-eabi/11.3.1/thumb/v7-m/nofp/crtbegin.o
 .text          0x0000000008000150       0x8c ./ThirdParty/SystemView_SEGGER/SEGGER/SEGGER_RTT_ASM_ARMv7M.o
                0x0000000008000150                SEGGER_RTT_ASM_WriteSkipNoLock
 *(.text*)
 .text.Format_to_12
                0x00000000080001dc       0x64 ./Core/Src/SchM_DigitalClock.o
 .text.wrapper_tx_data
                0x0000000008000240       0x80 ./Core/Src/SchM_DigitalClock.o
                0x0000000008000240                wrapper_tx_data
 .text.Task_Generation
                0x00000000080002c0       0x94 ./Core/Src/SchM_DigitalClock.o
                0x00000000080002c0                Task_Generation
 .text.Get_RTC_Runnable
                0x0000000008000354       0xb0 ./Core/Src/SchM_DigitalClock.o
                0x0000000008000354                Get_RTC_Runnable
 .text.Print_Time_Runnable
                0x0000000008000404       0x98 ./Core/Src/SchM_DigitalClock.o
                0x0000000008000404                Print_Time_Runnable
 .text.Process_UART_Data_Runnable
                0x000000000800049c      0x124 ./Core/Src/SchM_DigitalClock.o
                0x000000000800049c                Process_UART_Data_Runnable
 .text.MX_GPIO_Init
                0x00000000080005c0       0x74 ./Core/Src/gpio.o
                0x00000000080005c0                MX_GPIO_Init
 .text.main     0x0000000008000634       0x22 ./Core/Src/main.o
                0x0000000008000634                main
 .text.SystemClock_Config
                0x0000000008000656       0xa4 ./Core/Src/main.o
                0x0000000008000656                SystemClock_Config
 .text.HAL_UART_TxCpltCallback
                0x00000000080006fa       0x14 ./Core/Src/main.o
                0x00000000080006fa                HAL_UART_TxCpltCallback
 .text.HAL_UART_RxCpltCallback
                0x000000000800070e       0x14 ./Core/Src/main.o
                0x000000000800070e                HAL_UART_RxCpltCallback
 *fill*         0x0000000008000722        0x2 
 .text.HAL_TIM_PeriodElapsedCallback
                0x0000000008000724       0x24 ./Core/Src/main.o
                0x0000000008000724                HAL_TIM_PeriodElapsedCallback
 .text.Error_Handler
                0x0000000008000748        0xa ./Core/Src/main.o
                0x0000000008000748                Error_Handler
 *fill*         0x0000000008000752        0x2 
 .text.MX_RTC_Init
                0x0000000008000754       0x94 ./Core/Src/rtc.o
                0x0000000008000754                MX_RTC_Init
 .text.HAL_RTC_MspInit
                0x00000000080007e8       0x48 ./Core/Src/rtc.o
                0x00000000080007e8                HAL_RTC_MspInit
 .text.HAL_MspInit
                0x0000000008000830       0x64 ./Core/Src/stm32f1xx_hal_msp.o
                0x0000000008000830                HAL_MspInit
 .text.HAL_InitTick
                0x0000000008000894       0xfc ./Core/Src/stm32f1xx_hal_timebase_tim.o
                0x0000000008000894                HAL_InitTick
 .text.NMI_Handler
                0x0000000008000990        0x6 ./Core/Src/stm32f1xx_it.o
                0x0000000008000990                NMI_Handler
 .text.HardFault_Handler
                0x0000000008000996        0x6 ./Core/Src/stm32f1xx_it.o
                0x0000000008000996                HardFault_Handler
 .text.MemManage_Handler
                0x000000000800099c        0x6 ./Core/Src/stm32f1xx_it.o
                0x000000000800099c                MemManage_Handler
 .text.BusFault_Handler
                0x00000000080009a2        0x6 ./Core/Src/stm32f1xx_it.o
                0x00000000080009a2                BusFault_Handler
 .text.UsageFault_Handler
                0x00000000080009a8        0x6 ./Core/Src/stm32f1xx_it.o
                0x00000000080009a8                UsageFault_Handler
 .text.DebugMon_Handler
                0x00000000080009ae        0xc ./Core/Src/stm32f1xx_it.o
                0x00000000080009ae                DebugMon_Handler
 *fill*         0x00000000080009ba        0x2 
 .text.TIM4_IRQHandler
                0x00000000080009bc       0x14 ./Core/Src/stm32f1xx_it.o
                0x00000000080009bc                TIM4_IRQHandler
 .text.USART1_IRQHandler
                0x00000000080009d0       0x14 ./Core/Src/stm32f1xx_it.o
                0x00000000080009d0                USART1_IRQHandler
 .text._read    0x00000000080009e4       0x3a ./Core/Src/syscalls.o
                0x00000000080009e4                _read
 .text._close   0x0000000008000a1e       0x16 ./Core/Src/syscalls.o
                0x0000000008000a1e                _close
 .text._fstat   0x0000000008000a34       0x1e ./Core/Src/syscalls.o
                0x0000000008000a34                _fstat
 .text._isatty  0x0000000008000a52       0x14 ./Core/Src/syscalls.o
                0x0000000008000a52                _isatty
 .text._lseek   0x0000000008000a66       0x18 ./Core/Src/syscalls.o
                0x0000000008000a66                _lseek
 .text.SystemInit
                0x0000000008000a7e        0xc ./Core/Src/system_stm32f1xx.o
                0x0000000008000a7e                SystemInit
 *fill*         0x0000000008000a8a        0x2 
 .text.MX_USART1_UART_Init
                0x0000000008000a8c       0x54 ./Core/Src/usart.o
                0x0000000008000a8c                MX_USART1_UART_Init
 .text.HAL_UART_MspInit
                0x0000000008000ae0       0xa8 ./Core/Src/usart.o
                0x0000000008000ae0                HAL_UART_MspInit
 .text.Reset_Handler
                0x0000000008000b88       0x48 ./Core/Startup/startup_stm32f103c8tx.o
                0x0000000008000b88                Reset_Handler
 .text.Default_Handler
                0x0000000008000bd0        0x2 ./Core/Startup/startup_stm32f103c8tx.o
                0x0000000008000bd0                RTC_Alarm_IRQHandler
                0x0000000008000bd0                EXTI2_IRQHandler
                0x0000000008000bd0                TIM1_CC_IRQHandler
                0x0000000008000bd0                PVD_IRQHandler
                0x0000000008000bd0                EXTI3_IRQHandler
                0x0000000008000bd0                EXTI0_IRQHandler
                0x0000000008000bd0                I2C2_EV_IRQHandler
                0x0000000008000bd0                ADC1_2_IRQHandler
                0x0000000008000bd0                SPI1_IRQHandler
                0x0000000008000bd0                TAMPER_IRQHandler
                0x0000000008000bd0                DMA1_Channel4_IRQHandler
                0x0000000008000bd0                USART3_IRQHandler
                0x0000000008000bd0                RTC_IRQHandler
                0x0000000008000bd0                DMA1_Channel7_IRQHandler
                0x0000000008000bd0                CAN1_RX1_IRQHandler
                0x0000000008000bd0                I2C1_EV_IRQHandler
                0x0000000008000bd0                DMA1_Channel6_IRQHandler
                0x0000000008000bd0                TIM3_IRQHandler
                0x0000000008000bd0                RCC_IRQHandler
                0x0000000008000bd0                TIM1_TRG_COM_IRQHandler
                0x0000000008000bd0                DMA1_Channel1_IRQHandler
                0x0000000008000bd0                Default_Handler
                0x0000000008000bd0                EXTI15_10_IRQHandler
                0x0000000008000bd0                EXTI9_5_IRQHandler
                0x0000000008000bd0                SPI2_IRQHandler
                0x0000000008000bd0                DMA1_Channel5_IRQHandler
                0x0000000008000bd0                EXTI4_IRQHandler
                0x0000000008000bd0                USB_LP_CAN1_RX0_IRQHandler
                0x0000000008000bd0                USB_HP_CAN1_TX_IRQHandler
                0x0000000008000bd0                DMA1_Channel3_IRQHandler
                0x0000000008000bd0                TIM1_UP_IRQHandler
                0x0000000008000bd0                WWDG_IRQHandler
                0x0000000008000bd0                TIM2_IRQHandler
                0x0000000008000bd0                TIM1_BRK_IRQHandler
                0x0000000008000bd0                EXTI1_IRQHandler
                0x0000000008000bd0                USART2_IRQHandler
                0x0000000008000bd0                I2C2_ER_IRQHandler
                0x0000000008000bd0                DMA1_Channel2_IRQHandler
                0x0000000008000bd0                CAN1_SCE_IRQHandler
                0x0000000008000bd0                FLASH_IRQHandler
                0x0000000008000bd0                I2C1_ER_IRQHandler
                0x0000000008000bd0                USBWakeUp_IRQHandler
 *fill*         0x0000000008000bd2        0x2 
 .text.HAL_Init
                0x0000000008000bd4       0x2c ./Drivers/STM32F1xx_HAL_Driver/Src/stm32f1xx_hal.o
                0x0000000008000bd4                HAL_Init
 .text.HAL_IncTick
                0x0000000008000c00       0x24 ./Drivers/STM32F1xx_HAL_Driver/Src/stm32f1xx_hal.o
                0x0000000008000c00                HAL_IncTick
 .text.HAL_GetTick
                0x0000000008000c24       0x14 ./Drivers/STM32F1xx_HAL_Driver/Src/stm32f1xx_hal.o
                0x0000000008000c24                HAL_GetTick
 .text.__NVIC_SetPriorityGrouping
                0x0000000008000c38       0x48 ./Drivers/STM32F1xx_HAL_Driver/Src/stm32f1xx_hal_cortex.o
 .text.__NVIC_GetPriorityGrouping
                0x0000000008000c80       0x1c ./Drivers/STM32F1xx_HAL_Driver/Src/stm32f1xx_hal_cortex.o
 .text.__NVIC_EnableIRQ
                0x0000000008000c9c       0x38 ./Drivers/STM32F1xx_HAL_Driver/Src/stm32f1xx_hal_cortex.o
 .text.__NVIC_SetPriority
                0x0000000008000cd4       0x54 ./Drivers/STM32F1xx_HAL_Driver/Src/stm32f1xx_hal_cortex.o
 .text.NVIC_EncodePriority
                0x0000000008000d28       0x64 ./Drivers/STM32F1xx_HAL_Driver/Src/stm32f1xx_hal_cortex.o
 .text.HAL_NVIC_SetPriorityGrouping
                0x0000000008000d8c       0x16 ./Drivers/STM32F1xx_HAL_Driver/Src/stm32f1xx_hal_cortex.o
                0x0000000008000d8c                HAL_NVIC_SetPriorityGrouping
 .text.HAL_NVIC_SetPriority
                0x0000000008000da2       0x38 ./Drivers/STM32F1xx_HAL_Driver/Src/stm32f1xx_hal_cortex.o
                0x0000000008000da2                HAL_NVIC_SetPriority
 .text.HAL_NVIC_EnableIRQ
                0x0000000008000dda       0x1c ./Drivers/STM32F1xx_HAL_Driver/Src/stm32f1xx_hal_cortex.o
                0x0000000008000dda                HAL_NVIC_EnableIRQ
 .text.HAL_DMA_Abort
                0x0000000008000df6       0x76 ./Drivers/STM32F1xx_HAL_Driver/Src/stm32f1xx_hal_dma.o
                0x0000000008000df6                HAL_DMA_Abort
 .text.HAL_DMA_Abort_IT
                0x0000000008000e6c       0xf0 ./Drivers/STM32F1xx_HAL_Driver/Src/stm32f1xx_hal_dma.o
                0x0000000008000e6c                HAL_DMA_Abort_IT
 .text.HAL_GPIO_Init
                0x0000000008000f5c      0x308 ./Drivers/STM32F1xx_HAL_Driver/Src/stm32f1xx_hal_gpio.o
                0x0000000008000f5c                HAL_GPIO_Init
 .text.HAL_PWR_EnableBkUpAccess
                0x0000000008001264       0x18 ./Drivers/STM32F1xx_HAL_Driver/Src/stm32f1xx_hal_pwr.o
                0x0000000008001264                HAL_PWR_EnableBkUpAccess
 .text.HAL_RCC_OscConfig
                0x000000000800127c      0x504 ./Drivers/STM32F1xx_HAL_Driver/Src/stm32f1xx_hal_rcc.o
                0x000000000800127c                HAL_RCC_OscConfig
 .text.HAL_RCC_ClockConfig
                0x0000000008001780      0x1d4 ./Drivers/STM32F1xx_HAL_Driver/Src/stm32f1xx_hal_rcc.o
                0x0000000008001780                HAL_RCC_ClockConfig
 .text.HAL_RCC_GetSysClockFreq
                0x0000000008001954       0xa8 ./Drivers/STM32F1xx_HAL_Driver/Src/stm32f1xx_hal_rcc.o
                0x0000000008001954                HAL_RCC_GetSysClockFreq
 .text.HAL_RCC_GetHCLKFreq
                0x00000000080019fc       0x14 ./Drivers/STM32F1xx_HAL_Driver/Src/stm32f1xx_hal_rcc.o
                0x00000000080019fc                HAL_RCC_GetHCLKFreq
 .text.HAL_RCC_GetPCLK1Freq
                0x0000000008001a10       0x28 ./Drivers/STM32F1xx_HAL_Driver/Src/stm32f1xx_hal_rcc.o
                0x0000000008001a10                HAL_RCC_GetPCLK1Freq
 .text.HAL_RCC_GetPCLK2Freq
                0x0000000008001a38       0x28 ./Drivers/STM32F1xx_HAL_Driver/Src/stm32f1xx_hal_rcc.o
                0x0000000008001a38                HAL_RCC_GetPCLK2Freq
 .text.HAL_RCC_GetClockConfig
                0x0000000008001a60       0x60 ./Drivers/STM32F1xx_HAL_Driver/Src/stm32f1xx_hal_rcc.o
                0x0000000008001a60                HAL_RCC_GetClockConfig
 .text.RCC_Delay
                0x0000000008001ac0       0x3c ./Drivers/STM32F1xx_HAL_Driver/Src/stm32f1xx_hal_rcc.o
 .text.HAL_RCCEx_PeriphCLKConfig
                0x0000000008001afc      0x16c ./Drivers/STM32F1xx_HAL_Driver/Src/stm32f1xx_hal_rcc_ex.o
                0x0000000008001afc                HAL_RCCEx_PeriphCLKConfig
 .text.HAL_RCCEx_GetPeriphCLKFreq
                0x0000000008001c68      0x16c ./Drivers/STM32F1xx_HAL_Driver/Src/stm32f1xx_hal_rcc_ex.o
                0x0000000008001c68                HAL_RCCEx_GetPeriphCLKFreq
 .text.HAL_RTC_Init
                0x0000000008001dd4      0x118 ./Drivers/STM32F1xx_HAL_Driver/Src/stm32f1xx_hal_rtc.o
                0x0000000008001dd4                HAL_RTC_Init
 .text.HAL_RTC_SetTime
                0x0000000008001eec      0x12e ./Drivers/STM32F1xx_HAL_Driver/Src/stm32f1xx_hal_rtc.o
                0x0000000008001eec                HAL_RTC_SetTime
 *fill*         0x000000000800201a        0x2 
 .text.HAL_RTC_GetTime
                0x000000000800201c      0x1b0 ./Drivers/STM32F1xx_HAL_Driver/Src/stm32f1xx_hal_rtc.o
                0x000000000800201c                HAL_RTC_GetTime
 .text.HAL_RTC_SetDate
                0x00000000080021cc      0x16c ./Drivers/STM32F1xx_HAL_Driver/Src/stm32f1xx_hal_rtc.o
                0x00000000080021cc                HAL_RTC_SetDate
 .text.HAL_RTC_GetDate
                0x0000000008002338       0xa8 ./Drivers/STM32F1xx_HAL_Driver/Src/stm32f1xx_hal_rtc.o
                0x0000000008002338                HAL_RTC_GetDate
 .text.HAL_RTC_WaitForSynchro
                0x00000000080023e0       0x5a ./Drivers/STM32F1xx_HAL_Driver/Src/stm32f1xx_hal_rtc.o
                0x00000000080023e0                HAL_RTC_WaitForSynchro
 .text.RTC_ReadTimeCounter
                0x000000000800243a       0x60 ./Drivers/STM32F1xx_HAL_Driver/Src/stm32f1xx_hal_rtc.o
 .text.RTC_WriteTimeCounter
                0x000000000800249a       0x4e ./Drivers/STM32F1xx_HAL_Driver/Src/stm32f1xx_hal_rtc.o
 .text.RTC_ReadAlarmCounter
                0x00000000080024e8       0x32 ./Drivers/STM32F1xx_HAL_Driver/Src/stm32f1xx_hal_rtc.o
 .text.RTC_WriteAlarmCounter
                0x000000000800251a       0x4e ./Drivers/STM32F1xx_HAL_Driver/Src/stm32f1xx_hal_rtc.o
 .text.RTC_EnterInitMode
                0x0000000008002568       0x50 ./Drivers/STM32F1xx_HAL_Driver/Src/stm32f1xx_hal_rtc.o
 .text.RTC_ExitInitMode
                0x00000000080025b8       0x50 ./Drivers/STM32F1xx_HAL_Driver/Src/stm32f1xx_hal_rtc.o
 .text.RTC_ByteToBcd2
                0x0000000008002608       0x3a ./Drivers/STM32F1xx_HAL_Driver/Src/stm32f1xx_hal_rtc.o
 .text.RTC_Bcd2ToByte
                0x0000000008002642       0x3a ./Drivers/STM32F1xx_HAL_Driver/Src/stm32f1xx_hal_rtc.o
 .text.RTC_DateUpdate
                0x000000000800267c      0x152 ./Drivers/STM32F1xx_HAL_Driver/Src/stm32f1xx_hal_rtc.o
 *fill*         0x00000000080027ce        0x2 
 .text.RTC_IsLeapYear
                0x00000000080027d0       0x64 ./Drivers/STM32F1xx_HAL_Driver/Src/stm32f1xx_hal_rtc.o
 .text.RTC_WeekDayNum
                0x0000000008002834       0xf0 ./Drivers/STM32F1xx_HAL_Driver/Src/stm32f1xx_hal_rtc.o
 .text.HAL_TIM_Base_Init
                0x0000000008002924       0x9e ./Drivers/STM32F1xx_HAL_Driver/Src/stm32f1xx_hal_tim.o
                0x0000000008002924                HAL_TIM_Base_Init
 .text.HAL_TIM_Base_MspInit
                0x00000000080029c2       0x12 ./Drivers/STM32F1xx_HAL_Driver/Src/stm32f1xx_hal_tim.o
                0x00000000080029c2                HAL_TIM_Base_MspInit
 .text.HAL_TIM_Base_Start_IT
                0x00000000080029d4       0xa4 ./Drivers/STM32F1xx_HAL_Driver/Src/stm32f1xx_hal_tim.o
                0x00000000080029d4                HAL_TIM_Base_Start_IT
 .text.HAL_TIM_IRQHandler
                0x0000000008002a78      0x210 ./Drivers/STM32F1xx_HAL_Driver/Src/stm32f1xx_hal_tim.o
                0x0000000008002a78                HAL_TIM_IRQHandler
 .text.HAL_TIM_OC_DelayElapsedCallback
                0x0000000008002c88       0x12 ./Drivers/STM32F1xx_HAL_Driver/Src/stm32f1xx_hal_tim.o
                0x0000000008002c88                HAL_TIM_OC_DelayElapsedCallback
 .text.HAL_TIM_IC_CaptureCallback
                0x0000000008002c9a       0x12 ./Drivers/STM32F1xx_HAL_Driver/Src/stm32f1xx_hal_tim.o
                0x0000000008002c9a                HAL_TIM_IC_CaptureCallback
 .text.HAL_TIM_PWM_PulseFinishedCallback
                0x0000000008002cac       0x12 ./Drivers/STM32F1xx_HAL_Driver/Src/stm32f1xx_hal_tim.o
                0x0000000008002cac                HAL_TIM_PWM_PulseFinishedCallback
 .text.HAL_TIM_TriggerCallback
                0x0000000008002cbe       0x12 ./Drivers/STM32F1xx_HAL_Driver/Src/stm32f1xx_hal_tim.o
                0x0000000008002cbe                HAL_TIM_TriggerCallback
 .text.TIM_Base_SetConfig
                0x0000000008002cd0       0xc4 ./Drivers/STM32F1xx_HAL_Driver/Src/stm32f1xx_hal_tim.o
                0x0000000008002cd0                TIM_Base_SetConfig
 .text.HAL_TIMEx_CommutCallback
                0x0000000008002d94       0x12 ./Drivers/STM32F1xx_HAL_Driver/Src/stm32f1xx_hal_tim_ex.o
                0x0000000008002d94                HAL_TIMEx_CommutCallback
 .text.HAL_TIMEx_BreakCallback
                0x0000000008002da6       0x12 ./Drivers/STM32F1xx_HAL_Driver/Src/stm32f1xx_hal_tim_ex.o
                0x0000000008002da6                HAL_TIMEx_BreakCallback
 .text.HAL_UART_Init
                0x0000000008002db8       0xa0 ./Drivers/STM32F1xx_HAL_Driver/Src/stm32f1xx_hal_uart.o
                0x0000000008002db8                HAL_UART_Init
 .text.HAL_UART_Transmit
                0x0000000008002e58      0x106 ./Drivers/STM32F1xx_HAL_Driver/Src/stm32f1xx_hal_uart.o
                0x0000000008002e58                HAL_UART_Transmit
 .text.HAL_UART_Receive
                0x0000000008002f5e      0x124 ./Drivers/STM32F1xx_HAL_Driver/Src/stm32f1xx_hal_uart.o
                0x0000000008002f5e                HAL_UART_Receive
 *fill*         0x0000000008003082        0x2 
 .text.HAL_UART_IRQHandler
                0x0000000008003084      0x524 ./Drivers/STM32F1xx_HAL_Driver/Src/stm32f1xx_hal_uart.o
                0x0000000008003084                HAL_UART_IRQHandler
 .text.HAL_UART_ErrorCallback
                0x00000000080035a8       0x12 ./Drivers/STM32F1xx_HAL_Driver/Src/stm32f1xx_hal_uart.o
                0x00000000080035a8                HAL_UART_ErrorCallback
 .text.HAL_UARTEx_RxEventCallback
                0x00000000080035ba       0x16 ./Drivers/STM32F1xx_HAL_Driver/Src/stm32f1xx_hal_uart.o
                0x00000000080035ba                HAL_UARTEx_RxEventCallback
 .text.UART_WaitOnFlagUntilTimeout
                0x00000000080035d0       0xdc ./Drivers/STM32F1xx_HAL_Driver/Src/stm32f1xx_hal_uart.o
 .text.UART_EndRxTransfer
                0x00000000080036ac       0xc4 ./Drivers/STM32F1xx_HAL_Driver/Src/stm32f1xx_hal_uart.o
 .text.UART_DMAAbortOnError
                0x0000000008003770       0x28 ./Drivers/STM32F1xx_HAL_Driver/Src/stm32f1xx_hal_uart.o
 .text.UART_Transmit_IT
                0x0000000008003798       0x9e ./Drivers/STM32F1xx_HAL_Driver/Src/stm32f1xx_hal_uart.o
 .text.UART_EndTransmit_IT
                0x0000000008003836       0x30 ./Drivers/STM32F1xx_HAL_Driver/Src/stm32f1xx_hal_uart.o
 .text.UART_Receive_IT
                0x0000000008003866      0x17c ./Drivers/STM32F1xx_HAL_Driver/Src/stm32f1xx_hal_uart.o
 *fill*         0x00000000080039e2        0x2 
 .text.UART_SetConfig
                0x00000000080039e4      0x11c ./Drivers/STM32F1xx_HAL_Driver/Src/stm32f1xx_hal_uart.o
 .text.vListInitialise
                0x0000000008003b00       0x3e ./ThirdParty/FreeRTOS/list.o
                0x0000000008003b00                vListInitialise
 .text.vListInitialiseItem
                0x0000000008003b3e       0x18 ./ThirdParty/FreeRTOS/list.o
                0x0000000008003b3e                vListInitialiseItem
 .text.vListInsertEnd
                0x0000000008003b56       0x46 ./ThirdParty/FreeRTOS/list.o
                0x0000000008003b56                vListInsertEnd
 .text.vListInsert
                0x0000000008003b9c       0x70 ./ThirdParty/FreeRTOS/list.o
                0x0000000008003b9c                vListInsert
 .text.uxListRemove
                0x0000000008003c0c       0x52 ./ThirdParty/FreeRTOS/list.o
                0x0000000008003c0c                uxListRemove
 .text.xQueueGenericReset
                0x0000000008003c5e      0x104 ./ThirdParty/FreeRTOS/queue.o
                0x0000000008003c5e                xQueueGenericReset
 .text.xQueueGenericCreate
                0x0000000008003d62       0x9c ./ThirdParty/FreeRTOS/queue.o
                0x0000000008003d62                xQueueGenericCreate
 .text.prvInitialiseNewQueue
                0x0000000008003dfe       0x52 ./ThirdParty/FreeRTOS/queue.o
 .text.xQueueGenericSend
                0x0000000008003e50      0x1ec ./ThirdParty/FreeRTOS/queue.o
                0x0000000008003e50                xQueueGenericSend
 .text.xQueueReceive
                0x000000000800403c      0x1dc ./ThirdParty/FreeRTOS/queue.o
                0x000000000800403c                xQueueReceive
 .text.prvCopyDataToQueue
                0x0000000008004218       0xd4 ./ThirdParty/FreeRTOS/queue.o
 .text.prvCopyDataFromQueue
                0x00000000080042ec       0x4c ./ThirdParty/FreeRTOS/queue.o
 .text.prvUnlockQueue
                0x0000000008004338       0xa4 ./ThirdParty/FreeRTOS/queue.o
 .text.prvIsQueueEmpty
                0x00000000080043dc       0x2c ./ThirdParty/FreeRTOS/queue.o
 .text.prvIsQueueFull
                0x0000000008004408       0x30 ./ThirdParty/FreeRTOS/queue.o
 .text.xTaskCreate
                0x0000000008004438       0x82 ./ThirdParty/FreeRTOS/tasks.o
                0x0000000008004438                xTaskCreate
 .text.prvInitialiseNewTask
                0x00000000080044ba      0x148 ./ThirdParty/FreeRTOS/tasks.o
 *fill*         0x0000000008004602        0x2 
 .text.prvAddNewTaskToReadyList
                0x0000000008004604      0x14c ./ThirdParty/FreeRTOS/tasks.o
 .text.vTaskSuspend
                0x0000000008004750      0x15c ./ThirdParty/FreeRTOS/tasks.o
                0x0000000008004750                vTaskSuspend
 .text.prvTaskIsTaskSuspended
                0x00000000080048ac       0x60 ./ThirdParty/FreeRTOS/tasks.o
 .text.vTaskResume
                0x000000000800490c      0x108 ./ThirdParty/FreeRTOS/tasks.o
                0x000000000800490c                vTaskResume
 .text.vTaskStartScheduler
                0x0000000008004a14       0xb8 ./ThirdParty/FreeRTOS/tasks.o
                0x0000000008004a14                vTaskStartScheduler
 .text.vTaskSuspendAll
                0x0000000008004acc       0x1c ./ThirdParty/FreeRTOS/tasks.o
                0x0000000008004acc                vTaskSuspendAll
 .text.xTaskResumeAll
                0x0000000008004ae8      0x1e4 ./ThirdParty/FreeRTOS/tasks.o
                0x0000000008004ae8                xTaskResumeAll
 .text.xTaskIncrementTick
                0x0000000008004ccc      0x1f0 ./ThirdParty/FreeRTOS/tasks.o
                0x0000000008004ccc                xTaskIncrementTick
 .text.vTaskSwitchContext
                0x0000000008004ebc       0xd4 ./ThirdParty/FreeRTOS/tasks.o
                0x0000000008004ebc                vTaskSwitchContext
 .text.vTaskPlaceOnEventList
                0x0000000008004f90       0x48 ./ThirdParty/FreeRTOS/tasks.o
                0x0000000008004f90                vTaskPlaceOnEventList
 .text.xTaskRemoveFromEventList
                0x0000000008004fd8      0x1b0 ./ThirdParty/FreeRTOS/tasks.o
                0x0000000008004fd8                xTaskRemoveFromEventList
 .text.vTaskInternalSetTimeOutState
                0x0000000008005188       0x2c ./ThirdParty/FreeRTOS/tasks.o
                0x0000000008005188                vTaskInternalSetTimeOutState
 .text.xTaskCheckForTimeOut
                0x00000000080051b4       0xcc ./ThirdParty/FreeRTOS/tasks.o
                0x00000000080051b4                xTaskCheckForTimeOut
 .text.vTaskMissedYield
                0x0000000008005280       0x18 ./ThirdParty/FreeRTOS/tasks.o
                0x0000000008005280                vTaskMissedYield
 .text.prvIdleTask
                0x0000000008005298       0x24 ./ThirdParty/FreeRTOS/tasks.o
 .text.prvInitialiseTaskLists
                0x00000000080052bc       0x80 ./ThirdParty/FreeRTOS/tasks.o
 .text.prvCheckTasksWaitingTermination
                0x000000000800533c       0x5c ./ThirdParty/FreeRTOS/tasks.o
 .text.prvDeleteTCB
                0x0000000008005398       0x20 ./ThirdParty/FreeRTOS/tasks.o
 .text.prvResetNextTaskUnblockTime
                0x00000000080053b8       0x34 ./ThirdParty/FreeRTOS/tasks.o
 .text.xTaskPriorityDisinherit
                0x00000000080053ec      0x158 ./ThirdParty/FreeRTOS/tasks.o
                0x00000000080053ec                xTaskPriorityDisinherit
 .text.prvAddCurrentTaskToDelayedList
                0x0000000008005544      0x118 ./ThirdParty/FreeRTOS/tasks.o
 .text.pxPortInitialiseStack
                0x000000000800565c       0x58 ./ThirdParty/FreeRTOS/portable/GCC/ARM_CM3/port.o
                0x000000000800565c                pxPortInitialiseStack
 .text.prvTaskExitError
                0x00000000080056b4       0x58 ./ThirdParty/FreeRTOS/portable/GCC/ARM_CM3/port.o
 *fill*         0x000000000800570c        0x4 
 .text.SVC_Handler
                0x0000000008005710       0x28 ./ThirdParty/FreeRTOS/portable/GCC/ARM_CM3/port.o
                0x0000000008005710                SVC_Handler
 .text.prvPortStartFirstTask
                0x0000000008005738       0x24 ./ThirdParty/FreeRTOS/portable/GCC/ARM_CM3/port.o
 .text.xPortStartScheduler
                0x000000000800575c       0xe4 ./ThirdParty/FreeRTOS/portable/GCC/ARM_CM3/port.o
                0x000000000800575c                xPortStartScheduler
 .text.vPortEnterCritical
                0x0000000008005840       0x60 ./ThirdParty/FreeRTOS/portable/GCC/ARM_CM3/port.o
                0x0000000008005840                vPortEnterCritical
 .text.vPortExitCritical
                0x00000000080058a0       0x50 ./ThirdParty/FreeRTOS/portable/GCC/ARM_CM3/port.o
                0x00000000080058a0                vPortExitCritical
 .text.PendSV_Handler
                0x00000000080058f0       0x48 ./ThirdParty/FreeRTOS/portable/GCC/ARM_CM3/port.o
                0x00000000080058f0                PendSV_Handler
 .text.SysTick_Handler
                0x0000000008005938       0x54 ./ThirdParty/FreeRTOS/portable/GCC/ARM_CM3/port.o
                0x0000000008005938                SysTick_Handler
 .text.vPortSetupTimerInterrupt
                0x000000000800598c       0x44 ./ThirdParty/FreeRTOS/portable/GCC/ARM_CM3/port.o
                0x000000000800598c                vPortSetupTimerInterrupt
 .text.pvPortMalloc
                0x00000000080059d0      0x1c0 ./ThirdParty/FreeRTOS/portable/MemMang/heap_4.o
                0x00000000080059d0                pvPortMalloc
 .text.vPortFree
                0x0000000008005b90       0xc4 ./ThirdParty/FreeRTOS/portable/MemMang/heap_4.o
                0x0000000008005b90                vPortFree
 .text.prvHeapInit
                0x0000000008005c54       0xc4 ./ThirdParty/FreeRTOS/portable/MemMang/heap_4.o
 .text.prvInsertBlockIntoFreeList
                0x0000000008005d18       0xb0 ./ThirdParty/FreeRTOS/portable/MemMang/heap_4.o
 .text._DoInit  0x0000000008005dc8       0xb0 ./ThirdParty/SystemView_SEGGER/SEGGER/SEGGER_RTT.o
 .text._WriteBlocking
                0x0000000008005e78       0xb6 ./ThirdParty/SystemView_SEGGER/SEGGER/SEGGER_RTT.o
 .text._WriteNoCheck
                0x0000000008005f2e       0x88 ./ThirdParty/SystemView_SEGGER/SEGGER/SEGGER_RTT.o
 .text._GetAvailWriteSpace
                0x0000000008005fb6       0x44 ./ThirdParty/SystemView_SEGGER/SEGGER/SEGGER_RTT.o
 *fill*         0x0000000008005ffa        0x2 
 .text.SEGGER_RTT_ReadNoLock
                0x0000000008005ffc      0x10c ./ThirdParty/SystemView_SEGGER/SEGGER/SEGGER_RTT.o
                0x0000000008005ffc                SEGGER_RTT_ReadNoLock
 .text.SEGGER_RTT_WriteNoLock
                0x0000000008006108       0xa0 ./ThirdParty/SystemView_SEGGER/SEGGER/SEGGER_RTT.o
                0x0000000008006108                SEGGER_RTT_WriteNoLock
 .text.SEGGER_RTT_Write
                0x00000000080061a8       0x4c ./ThirdParty/SystemView_SEGGER/SEGGER/SEGGER_RTT.o
                0x00000000080061a8                SEGGER_RTT_Write
 .text._EncodeStr
                0x00000000080061f4       0x5e ./ThirdParty/SystemView_SEGGER/SEGGER/SEGGER_SYSVIEW.o
 .text._PreparePacket
                0x0000000008006252       0x16 ./ThirdParty/SystemView_SEGGER/SEGGER/SEGGER_SYSVIEW.o
 .text._HandleIncomingPacket
                0x0000000008006268       0xdc ./ThirdParty/SystemView_SEGGER/SEGGER/SEGGER_SYSVIEW.o
 .text._TrySendOverflowPacket
                0x0000000008006344       0xe4 ./ThirdParty/SystemView_SEGGER/SEGGER/SEGGER_SYSVIEW.o
 .text._SendPacket
                0x0000000008006428      0x2dc ./ThirdParty/SystemView_SEGGER/SEGGER/SEGGER_SYSVIEW.o
 .text.SEGGER_SYSVIEW_RecordVoid
                0x0000000008006704       0x3c ./ThirdParty/SystemView_SEGGER/SEGGER/SEGGER_SYSVIEW.o
                0x0000000008006704                SEGGER_SYSVIEW_RecordVoid
 .text.SEGGER_SYSVIEW_RecordU32
                0x0000000008006740       0x78 ./ThirdParty/SystemView_SEGGER/SEGGER/SEGGER_SYSVIEW.o
                0x0000000008006740                SEGGER_SYSVIEW_RecordU32
 .text.SEGGER_SYSVIEW_RecordU32x2
                0x00000000080067b8       0xb4 ./ThirdParty/SystemView_SEGGER/SEGGER/SEGGER_SYSVIEW.o
                0x00000000080067b8                SEGGER_SYSVIEW_RecordU32x2
 .text.SEGGER_SYSVIEW_RecordU32x3
                0x000000000800686c       0xec ./ThirdParty/SystemView_SEGGER/SEGGER/SEGGER_SYSVIEW.o
                0x000000000800686c                SEGGER_SYSVIEW_RecordU32x3
 .text.SEGGER_SYSVIEW_RecordU32x4
                0x0000000008006958      0x124 ./ThirdParty/SystemView_SEGGER/SEGGER/SEGGER_SYSVIEW.o
                0x0000000008006958                SEGGER_SYSVIEW_RecordU32x4
 .text.SEGGER_SYSVIEW_Start
                0x0000000008006a7c      0x174 ./ThirdParty/SystemView_SEGGER/SEGGER/SEGGER_SYSVIEW.o
                0x0000000008006a7c                SEGGER_SYSVIEW_Start
 .text.SEGGER_SYSVIEW_Stop
                0x0000000008006bf0       0x4c ./ThirdParty/SystemView_SEGGER/SEGGER/SEGGER_SYSVIEW.o
                0x0000000008006bf0                SEGGER_SYSVIEW_Stop
 .text.SEGGER_SYSVIEW_GetSysDesc
                0x0000000008006c3c      0x134 ./ThirdParty/SystemView_SEGGER/SEGGER/SEGGER_SYSVIEW.o
                0x0000000008006c3c                SEGGER_SYSVIEW_GetSysDesc
 .text.SEGGER_SYSVIEW_SendTaskInfo
                0x0000000008006d70      0x1c8 ./ThirdParty/SystemView_SEGGER/SEGGER/SEGGER_SYSVIEW.o
                0x0000000008006d70                SEGGER_SYSVIEW_SendTaskInfo
 .text.SEGGER_SYSVIEW_SendTaskList
                0x0000000008006f38       0x28 ./ThirdParty/SystemView_SEGGER/SEGGER/SEGGER_SYSVIEW.o
                0x0000000008006f38                SEGGER_SYSVIEW_SendTaskList
 .text.SEGGER_SYSVIEW_RecordSystime
                0x0000000008006f60       0x64 ./ThirdParty/SystemView_SEGGER/SEGGER/SEGGER_SYSVIEW.o
                0x0000000008006f60                SEGGER_SYSVIEW_RecordSystime
 .text.SEGGER_SYSVIEW_RecordEnterISR
                0x0000000008006fc4       0x84 ./ThirdParty/SystemView_SEGGER/SEGGER/SEGGER_SYSVIEW.o
                0x0000000008006fc4                SEGGER_SYSVIEW_RecordEnterISR
 .text.SEGGER_SYSVIEW_RecordExitISR
                0x0000000008007048       0x38 ./ThirdParty/SystemView_SEGGER/SEGGER/SEGGER_SYSVIEW.o
                0x0000000008007048                SEGGER_SYSVIEW_RecordExitISR
 .text.SEGGER_SYSVIEW_RecordExitISRToScheduler
                0x0000000008007080       0x38 ./ThirdParty/SystemView_SEGGER/SEGGER/SEGGER_SYSVIEW.o
                0x0000000008007080                SEGGER_SYSVIEW_RecordExitISRToScheduler
 .text.SEGGER_SYSVIEW_OnIdle
                0x00000000080070b8       0x38 ./ThirdParty/SystemView_SEGGER/SEGGER/SEGGER_SYSVIEW.o
                0x00000000080070b8                SEGGER_SYSVIEW_OnIdle
 .text.SEGGER_SYSVIEW_OnTaskCreate
                0x00000000080070f0       0x84 ./ThirdParty/SystemView_SEGGER/SEGGER/SEGGER_SYSVIEW.o
                0x00000000080070f0                SEGGER_SYSVIEW_OnTaskCreate
 .text.SEGGER_SYSVIEW_OnTaskStartExec
                0x0000000008007174       0x84 ./ThirdParty/SystemView_SEGGER/SEGGER/SEGGER_SYSVIEW.o
                0x0000000008007174                SEGGER_SYSVIEW_OnTaskStartExec
 .text.SEGGER_SYSVIEW_OnTaskStartReady
                0x00000000080071f8       0x84 ./ThirdParty/SystemView_SEGGER/SEGGER/SEGGER_SYSVIEW.o
                0x00000000080071f8                SEGGER_SYSVIEW_OnTaskStartReady
 .text.SEGGER_SYSVIEW_OnTaskStopReady
                0x000000000800727c       0xc0 ./ThirdParty/SystemView_SEGGER/SEGGER/SEGGER_SYSVIEW.o
                0x000000000800727c                SEGGER_SYSVIEW_OnTaskStopReady
 .text.SEGGER_SYSVIEW_ShrinkId
                0x000000000800733c       0x20 ./ThirdParty/SystemView_SEGGER/SEGGER/SEGGER_SYSVIEW.o
                0x000000000800733c                SEGGER_SYSVIEW_ShrinkId
 .text.SEGGER_SYSVIEW_SendModule
                0x000000000800735c      0x114 ./ThirdParty/SystemView_SEGGER/SEGGER/SEGGER_SYSVIEW.o
                0x000000000800735c                SEGGER_SYSVIEW_SendModule
 .text.SEGGER_SYSVIEW_SendModuleDescription
                0x0000000008007470       0x3c ./ThirdParty/SystemView_SEGGER/SEGGER/SEGGER_SYSVIEW.o
                0x0000000008007470                SEGGER_SYSVIEW_SendModuleDescription
 .text.SEGGER_SYSVIEW_SendNumModules
                0x00000000080074ac       0x7c ./ThirdParty/SystemView_SEGGER/SEGGER/SEGGER_SYSVIEW.o
                0x00000000080074ac                SEGGER_SYSVIEW_SendNumModules
 .text.SEGGER_SYSVIEW_Warn
                0x0000000008007528       0xb8 ./ThirdParty/SystemView_SEGGER/SEGGER/SEGGER_SYSVIEW.o
                0x0000000008007528                SEGGER_SYSVIEW_Warn
 .text._write_r
                0x00000000080075e0       0x22 ./ThirdParty/SystemView_SEGGER/SEGGER/Syscalls/SEGGER_RTT_Syscalls_GCC.o
                0x00000000080075e0                _write_r
 *fill*         0x0000000008007602        0x2 
 .text.SYSVIEW_AddTask
                0x0000000008007604       0xd0 ./ThirdParty/SystemView_SEGGER/Sample/FreeRTOS/SEGGER_SYSVIEW_FreeRTOS.o
                0x0000000008007604                SYSVIEW_AddTask
 .text.SYSVIEW_SendTaskInfo
                0x00000000080076d4       0x42 ./ThirdParty/SystemView_SEGGER/Sample/FreeRTOS/SEGGER_SYSVIEW_FreeRTOS.o
                0x00000000080076d4                SYSVIEW_SendTaskInfo
 *fill*         0x0000000008007716        0x2 
 .text.std      0x0000000008007718       0x48 c:/st/stm32cubeide_1.3.0/stm32cubeide/plugins/com.st.stm32cube.ide.mcu.externaltools.gnu-tools-for-stm32.11.3.rel1.win32_1.0.100.202301251239/tools/bin/../lib/gcc/arm-none-eabi/11.3.1/../../../../arm-none-eabi/lib/thumb/v7-m/nofp\libc_nano.a(libc_a-findfp.o)
 .text.stdio_exit_handler
                0x0000000008007760       0x18 c:/st/stm32cubeide_1.3.0/stm32cubeide/plugins/com.st.stm32cube.ide.mcu.externaltools.gnu-tools-for-stm32.11.3.rel1.win32_1.0.100.202301251239/tools/bin/../lib/gcc/arm-none-eabi/11.3.1/../../../../arm-none-eabi/lib/thumb/v7-m/nofp\libc_nano.a(libc_a-findfp.o)
 .text.cleanup_stdio
                0x0000000008007778       0x40 c:/st/stm32cubeide_1.3.0/stm32cubeide/plugins/com.st.stm32cube.ide.mcu.externaltools.gnu-tools-for-stm32.11.3.rel1.win32_1.0.100.202301251239/tools/bin/../lib/gcc/arm-none-eabi/11.3.1/../../../../arm-none-eabi/lib/thumb/v7-m/nofp\libc_nano.a(libc_a-findfp.o)
 .text.global_stdio_init.part.0
                0x00000000080077b8       0x3c c:/st/stm32cubeide_1.3.0/stm32cubeide/plugins/com.st.stm32cube.ide.mcu.externaltools.gnu-tools-for-stm32.11.3.rel1.win32_1.0.100.202301251239/tools/bin/../lib/gcc/arm-none-eabi/11.3.1/../../../../arm-none-eabi/lib/thumb/v7-m/nofp\libc_nano.a(libc_a-findfp.o)
 .text.__sfp_lock_acquire
                0x00000000080077f4        0xc c:/st/stm32cubeide_1.3.0/stm32cubeide/plugins/com.st.stm32cube.ide.mcu.externaltools.gnu-tools-for-stm32.11.3.rel1.win32_1.0.100.202301251239/tools/bin/../lib/gcc/arm-none-eabi/11.3.1/../../../../arm-none-eabi/lib/thumb/v7-m/nofp\libc_nano.a(libc_a-findfp.o)
                0x00000000080077f4                __sfp_lock_acquire
 .text.__sfp_lock_release
                0x0000000008007800        0xc c:/st/stm32cubeide_1.3.0/stm32cubeide/plugins/com.st.stm32cube.ide.mcu.externaltools.gnu-tools-for-stm32.11.3.rel1.win32_1.0.100.202301251239/tools/bin/../lib/gcc/arm-none-eabi/11.3.1/../../../../arm-none-eabi/lib/thumb/v7-m/nofp\libc_nano.a(libc_a-findfp.o)
                0x0000000008007800                __sfp_lock_release
 .text.__sinit  0x000000000800780c       0x30 c:/st/stm32cubeide_1.3.0/stm32cubeide/plugins/com.st.stm32cube.ide.mcu.externaltools.gnu-tools-for-stm32.11.3.rel1.win32_1.0.100.202301251239/tools/bin/../lib/gcc/arm-none-eabi/11.3.1/../../../../arm-none-eabi/lib/thumb/v7-m/nofp\libc_nano.a(libc_a-findfp.o)
                0x000000000800780c                __sinit
 .text._fwalk_sglue
                0x000000000800783c       0x3c c:/st/stm32cubeide_1.3.0/stm32cubeide/plugins/com.st.stm32cube.ide.mcu.externaltools.gnu-tools-for-stm32.11.3.rel1.win32_1.0.100.202301251239/tools/bin/../lib/gcc/arm-none-eabi/11.3.1/../../../../arm-none-eabi/lib/thumb/v7-m/nofp\libc_nano.a(libc_a-fwalk.o)
                0x000000000800783c                _fwalk_sglue
 .text._puts_r  0x0000000008007878       0xa8 c:/st/stm32cubeide_1.3.0/stm32cubeide/plugins/com.st.stm32cube.ide.mcu.externaltools.gnu-tools-for-stm32.11.3.rel1.win32_1.0.100.202301251239/tools/bin/../lib/gcc/arm-none-eabi/11.3.1/../../../../arm-none-eabi/lib/thumb/v7-m/nofp\libc_nano.a(libc_a-puts.o)
                0x0000000008007878                _puts_r
 .text.puts     0x0000000008007920       0x10 c:/st/stm32cubeide_1.3.0/stm32cubeide/plugins/com.st.stm32cube.ide.mcu.externaltools.gnu-tools-for-stm32.11.3.rel1.win32_1.0.100.202301251239/tools/bin/../lib/gcc/arm-none-eabi/11.3.1/../../../../arm-none-eabi/lib/thumb/v7-m/nofp\libc_nano.a(libc_a-puts.o)
                0x0000000008007920                puts
 .text.sprintf  0x0000000008007930       0x40 c:/st/stm32cubeide_1.3.0/stm32cubeide/plugins/com.st.stm32cube.ide.mcu.externaltools.gnu-tools-for-stm32.11.3.rel1.win32_1.0.100.202301251239/tools/bin/../lib/gcc/arm-none-eabi/11.3.1/../../../../arm-none-eabi/lib/thumb/v7-m/nofp\libc_nano.a(libc_a-sprintf.o)
                0x0000000008007930                siprintf
                0x0000000008007930                sprintf
 .text.__sread  0x0000000008007970       0x22 c:/st/stm32cubeide_1.3.0/stm32cubeide/plugins/com.st.stm32cube.ide.mcu.externaltools.gnu-tools-for-stm32.11.3.rel1.win32_1.0.100.202301251239/tools/bin/../lib/gcc/arm-none-eabi/11.3.1/../../../../arm-none-eabi/lib/thumb/v7-m/nofp\libc_nano.a(libc_a-stdio.o)
                0x0000000008007970                __sread
 .text.__swrite
                0x0000000008007992       0x38 c:/st/stm32cubeide_1.3.0/stm32cubeide/plugins/com.st.stm32cube.ide.mcu.externaltools.gnu-tools-for-stm32.11.3.rel1.win32_1.0.100.202301251239/tools/bin/../lib/gcc/arm-none-eabi/11.3.1/../../../../arm-none-eabi/lib/thumb/v7-m/nofp\libc_nano.a(libc_a-stdio.o)
                0x0000000008007992                __swrite
 .text.__sseek  0x00000000080079ca       0x24 c:/st/stm32cubeide_1.3.0/stm32cubeide/plugins/com.st.stm32cube.ide.mcu.externaltools.gnu-tools-for-stm32.11.3.rel1.win32_1.0.100.202301251239/tools/bin/../lib/gcc/arm-none-eabi/11.3.1/../../../../arm-none-eabi/lib/thumb/v7-m/nofp\libc_nano.a(libc_a-stdio.o)
                0x00000000080079ca                __sseek
 .text.__sclose
                0x00000000080079ee        0x8 c:/st/stm32cubeide_1.3.0/stm32cubeide/plugins/com.st.stm32cube.ide.mcu.externaltools.gnu-tools-for-stm32.11.3.rel1.win32_1.0.100.202301251239/tools/bin/../lib/gcc/arm-none-eabi/11.3.1/../../../../arm-none-eabi/lib/thumb/v7-m/nofp\libc_nano.a(libc_a-stdio.o)
                0x00000000080079ee                __sclose
 .text.__swbuf_r
                0x00000000080079f6       0x7a c:/st/stm32cubeide_1.3.0/stm32cubeide/plugins/com.st.stm32cube.ide.mcu.externaltools.gnu-tools-for-stm32.11.3.rel1.win32_1.0.100.202301251239/tools/bin/../lib/gcc/arm-none-eabi/11.3.1/../../../../arm-none-eabi/lib/thumb/v7-m/nofp\libc_nano.a(libc_a-wbuf.o)
                0x00000000080079f6                __swbuf_r
 .text.__swsetup_r
                0x0000000008007a70       0xb0 c:/st/stm32cubeide_1.3.0/stm32cubeide/plugins/com.st.stm32cube.ide.mcu.externaltools.gnu-tools-for-stm32.11.3.rel1.win32_1.0.100.202301251239/tools/bin/../lib/gcc/arm-none-eabi/11.3.1/../../../../arm-none-eabi/lib/thumb/v7-m/nofp\libc_nano.a(libc_a-wsetup.o)
                0x0000000008007a70                __swsetup_r
 .text.memcmp   0x0000000008007b20       0x20 c:/st/stm32cubeide_1.3.0/stm32cubeide/plugins/com.st.stm32cube.ide.mcu.externaltools.gnu-tools-for-stm32.11.3.rel1.win32_1.0.100.202301251239/tools/bin/../lib/gcc/arm-none-eabi/11.3.1/../../../../arm-none-eabi/lib/thumb/v7-m/nofp\libc_nano.a(libc_a-memcmp.o)
                0x0000000008007b20                memcmp
 .text.memset   0x0000000008007b40       0x10 c:/st/stm32cubeide_1.3.0/stm32cubeide/plugins/com.st.stm32cube.ide.mcu.externaltools.gnu-tools-for-stm32.11.3.rel1.win32_1.0.100.202301251239/tools/bin/../lib/gcc/arm-none-eabi/11.3.1/../../../../arm-none-eabi/lib/thumb/v7-m/nofp\libc_nano.a(libc_a-memset.o)
                0x0000000008007b40                memset
 .text.strstr   0x0000000008007b50       0x2c c:/st/stm32cubeide_1.3.0/stm32cubeide/plugins/com.st.stm32cube.ide.mcu.externaltools.gnu-tools-for-stm32.11.3.rel1.win32_1.0.100.202301251239/tools/bin/../lib/gcc/arm-none-eabi/11.3.1/../../../../arm-none-eabi/lib/thumb/v7-m/nofp\libc_nano.a(libc_a-strstr.o)
                0x0000000008007b50                strstr
 .text._close_r
                0x0000000008007b7c       0x20 c:/st/stm32cubeide_1.3.0/stm32cubeide/plugins/com.st.stm32cube.ide.mcu.externaltools.gnu-tools-for-stm32.11.3.rel1.win32_1.0.100.202301251239/tools/bin/../lib/gcc/arm-none-eabi/11.3.1/../../../../arm-none-eabi/lib/thumb/v7-m/nofp\libc_nano.a(libc_a-closer.o)
                0x0000000008007b7c                _close_r
 .text._lseek_r
                0x0000000008007b9c       0x24 c:/st/stm32cubeide_1.3.0/stm32cubeide/plugins/com.st.stm32cube.ide.mcu.externaltools.gnu-tools-for-stm32.11.3.rel1.win32_1.0.100.202301251239/tools/bin/../lib/gcc/arm-none-eabi/11.3.1/../../../../arm-none-eabi/lib/thumb/v7-m/nofp\libc_nano.a(libc_a-lseekr.o)
                0x0000000008007b9c                _lseek_r
 .text._read_r  0x0000000008007bc0       0x24 c:/st/stm32cubeide_1.3.0/stm32cubeide/plugins/com.st.stm32cube.ide.mcu.externaltools.gnu-tools-for-stm32.11.3.rel1.win32_1.0.100.202301251239/tools/bin/../lib/gcc/arm-none-eabi/11.3.1/../../../../arm-none-eabi/lib/thumb/v7-m/nofp\libc_nano.a(libc_a-readr.o)
                0x0000000008007bc0                _read_r
 .text.__libc_init_array
                0x0000000008007be4       0x48 c:/st/stm32cubeide_1.3.0/stm32cubeide/plugins/com.st.stm32cube.ide.mcu.externaltools.gnu-tools-for-stm32.11.3.rel1.win32_1.0.100.202301251239/tools/bin/../lib/gcc/arm-none-eabi/11.3.1/../../../../arm-none-eabi/lib/thumb/v7-m/nofp\libc_nano.a(libc_a-init.o)
                0x0000000008007be4                __libc_init_array
 .text.__retarget_lock_acquire_recursive
                0x0000000008007c2c        0x2 c:/st/stm32cubeide_1.3.0/stm32cubeide/plugins/com.st.stm32cube.ide.mcu.externaltools.gnu-tools-for-stm32.11.3.rel1.win32_1.0.100.202301251239/tools/bin/../lib/gcc/arm-none-eabi/11.3.1/../../../../arm-none-eabi/lib/thumb/v7-m/nofp\libc_nano.a(libc_a-lock.o)
                0x0000000008007c2c                __retarget_lock_acquire_recursive
 .text.__retarget_lock_release_recursive
                0x0000000008007c2e        0x2 c:/st/stm32cubeide_1.3.0/stm32cubeide/plugins/com.st.stm32cube.ide.mcu.externaltools.gnu-tools-for-stm32.11.3.rel1.win32_1.0.100.202301251239/tools/bin/../lib/gcc/arm-none-eabi/11.3.1/../../../../arm-none-eabi/lib/thumb/v7-m/nofp\libc_nano.a(libc_a-lock.o)
                0x0000000008007c2e                __retarget_lock_release_recursive
 .text.strcpy   0x0000000008007c30       0x10 c:/st/stm32cubeide_1.3.0/stm32cubeide/plugins/com.st.stm32cube.ide.mcu.externaltools.gnu-tools-for-stm32.11.3.rel1.win32_1.0.100.202301251239/tools/bin/../lib/gcc/arm-none-eabi/11.3.1/../../../../arm-none-eabi/lib/thumb/v7-m/nofp\libc_nano.a(libc_a-strcpy.o)
                0x0000000008007c30                strcpy
 .text.memcpy   0x0000000008007c40       0x1c c:/st/stm32cubeide_1.3.0/stm32cubeide/plugins/com.st.stm32cube.ide.mcu.externaltools.gnu-tools-for-stm32.11.3.rel1.win32_1.0.100.202301251239/tools/bin/../lib/gcc/arm-none-eabi/11.3.1/../../../../arm-none-eabi/lib/thumb/v7-m/nofp\libc_nano.a(libc_a-memcpy-stub.o)
                0x0000000008007c40                memcpy
 .text._free_r  0x0000000008007c5c       0x90 c:/st/stm32cubeide_1.3.0/stm32cubeide/plugins/com.st.stm32cube.ide.mcu.externaltools.gnu-tools-for-stm32.11.3.rel1.win32_1.0.100.202301251239/tools/bin/../lib/gcc/arm-none-eabi/11.3.1/../../../../arm-none-eabi/lib/thumb/v7-m/nofp\libc_nano.a(libc_a-freer.o)
                0x0000000008007c5c                _free_r
 .text.sbrk_aligned
                0x0000000008007cec       0x40 c:/st/stm32cubeide_1.3.0/stm32cubeide/plugins/com.st.stm32cube.ide.mcu.externaltools.gnu-tools-for-stm32.11.3.rel1.win32_1.0.100.202301251239/tools/bin/../lib/gcc/arm-none-eabi/11.3.1/../../../../arm-none-eabi/lib/thumb/v7-m/nofp\libc_nano.a(libc_a-mallocr.o)
 .text._malloc_r
                0x0000000008007d2c      0x100 c:/st/stm32cubeide_1.3.0/stm32cubeide/plugins/com.st.stm32cube.ide.mcu.externaltools.gnu-tools-for-stm32.11.3.rel1.win32_1.0.100.202301251239/tools/bin/../lib/gcc/arm-none-eabi/11.3.1/../../../../arm-none-eabi/lib/thumb/v7-m/nofp\libc_nano.a(libc_a-mallocr.o)
                0x0000000008007d2c                _malloc_r
 .text.__malloc_lock
                0x0000000008007e2c        0xc c:/st/stm32cubeide_1.3.0/stm32cubeide/plugins/com.st.stm32cube.ide.mcu.externaltools.gnu-tools-for-stm32.11.3.rel1.win32_1.0.100.202301251239/tools/bin/../lib/gcc/arm-none-eabi/11.3.1/../../../../arm-none-eabi/lib/thumb/v7-m/nofp\libc_nano.a(libc_a-mlock.o)
                0x0000000008007e2c                __malloc_lock
 .text.__malloc_unlock
                0x0000000008007e38        0xc c:/st/stm32cubeide_1.3.0/stm32cubeide/plugins/com.st.stm32cube.ide.mcu.externaltools.gnu-tools-for-stm32.11.3.rel1.win32_1.0.100.202301251239/tools/bin/../lib/gcc/arm-none-eabi/11.3.1/../../../../arm-none-eabi/lib/thumb/v7-m/nofp\libc_nano.a(libc_a-mlock.o)
                0x0000000008007e38                __malloc_unlock
 .text.__ssputs_r
                0x0000000008007e44       0xb4 c:/st/stm32cubeide_1.3.0/stm32cubeide/plugins/com.st.stm32cube.ide.mcu.externaltools.gnu-tools-for-stm32.11.3.rel1.win32_1.0.100.202301251239/tools/bin/../lib/gcc/arm-none-eabi/11.3.1/../../../../arm-none-eabi/lib/thumb/v7-m/nofp\libc_nano.a(libc_a-nano-svfprintf.o)
                0x0000000008007e44                __ssputs_r
 .text._svfprintf_r
                0x0000000008007ef8      0x1fc c:/st/stm32cubeide_1.3.0/stm32cubeide/plugins/com.st.stm32cube.ide.mcu.externaltools.gnu-tools-for-stm32.11.3.rel1.win32_1.0.100.202301251239/tools/bin/../lib/gcc/arm-none-eabi/11.3.1/../../../../arm-none-eabi/lib/thumb/v7-m/nofp\libc_nano.a(libc_a-nano-svfprintf.o)
                0x0000000008007ef8                _svfiprintf_r
                0x0000000008007ef8                _svfprintf_r
 .text._printf_common
                0x00000000080080f4       0xe4 c:/st/stm32cubeide_1.3.0/stm32cubeide/plugins/com.st.stm32cube.ide.mcu.externaltools.gnu-tools-for-stm32.11.3.rel1.win32_1.0.100.202301251239/tools/bin/../lib/gcc/arm-none-eabi/11.3.1/../../../../arm-none-eabi/lib/thumb/v7-m/nofp\libc_nano.a(libc_a-nano-vfprintf_i.o)
                0x00000000080080f4                _printf_common
 .text._printf_i
                0x00000000080081d8      0x244 c:/st/stm32cubeide_1.3.0/stm32cubeide/plugins/com.st.stm32cube.ide.mcu.externaltools.gnu-tools-for-stm32.11.3.rel1.win32_1.0.100.202301251239/tools/bin/../lib/gcc/arm-none-eabi/11.3.1/../../../../arm-none-eabi/lib/thumb/v7-m/nofp\libc_nano.a(libc_a-nano-vfprintf_i.o)
                0x00000000080081d8                _printf_i
 .text.__sflush_r
                0x000000000800841c      0x104 c:/st/stm32cubeide_1.3.0/stm32cubeide/plugins/com.st.stm32cube.ide.mcu.externaltools.gnu-tools-for-stm32.11.3.rel1.win32_1.0.100.202301251239/tools/bin/../lib/gcc/arm-none-eabi/11.3.1/../../../../arm-none-eabi/lib/thumb/v7-m/nofp\libc_nano.a(libc_a-fflush.o)
                0x000000000800841c                __sflush_r
 .text._fflush_r
                0x0000000008008520       0x50 c:/st/stm32cubeide_1.3.0/stm32cubeide/plugins/com.st.stm32cube.ide.mcu.externaltools.gnu-tools-for-stm32.11.3.rel1.win32_1.0.100.202301251239/tools/bin/../lib/gcc/arm-none-eabi/11.3.1/../../../../arm-none-eabi/lib/thumb/v7-m/nofp\libc_nano.a(libc_a-fflush.o)
                0x0000000008008520                _fflush_r
 .text.__swhatbuf_r
                0x0000000008008570       0x4a c:/st/stm32cubeide_1.3.0/stm32cubeide/plugins/com.st.stm32cube.ide.mcu.externaltools.gnu-tools-for-stm32.11.3.rel1.win32_1.0.100.202301251239/tools/bin/../lib/gcc/arm-none-eabi/11.3.1/../../../../arm-none-eabi/lib/thumb/v7-m/nofp\libc_nano.a(libc_a-makebuf.o)
                0x0000000008008570                __swhatbuf_r
 .text.__smakebuf_r
                0x00000000080085ba       0x78 c:/st/stm32cubeide_1.3.0/stm32cubeide/plugins/com.st.stm32cube.ide.mcu.externaltools.gnu-tools-for-stm32.11.3.rel1.win32_1.0.100.202301251239/tools/bin/../lib/gcc/arm-none-eabi/11.3.1/../../../../arm-none-eabi/lib/thumb/v7-m/nofp\libc_nano.a(libc_a-makebuf.o)
                0x00000000080085ba                __smakebuf_r
 .text.memmove  0x0000000008008632       0x34 c:/st/stm32cubeide_1.3.0/stm32cubeide/plugins/com.st.stm32cube.ide.mcu.externaltools.gnu-tools-for-stm32.11.3.rel1.win32_1.0.100.202301251239/tools/bin/../lib/gcc/arm-none-eabi/11.3.1/../../../../arm-none-eabi/lib/thumb/v7-m/nofp\libc_nano.a(libc_a-memmove.o)
                0x0000000008008632                memmove
 *fill*         0x0000000008008666        0x2 
 .text._fstat_r
                0x0000000008008668       0x24 c:/st/stm32cubeide_1.3.0/stm32cubeide/plugins/com.st.stm32cube.ide.mcu.externaltools.gnu-tools-for-stm32.11.3.rel1.win32_1.0.100.202301251239/tools/bin/../lib/gcc/arm-none-eabi/11.3.1/../../../../arm-none-eabi/lib/thumb/v7-m/nofp\libc_nano.a(libc_a-fstatr.o)
                0x0000000008008668                _fstat_r
 .text._isatty_r
                0x000000000800868c       0x20 c:/st/stm32cubeide_1.3.0/stm32cubeide/plugins/com.st.stm32cube.ide.mcu.externaltools.gnu-tools-for-stm32.11.3.rel1.win32_1.0.100.202301251239/tools/bin/../lib/gcc/arm-none-eabi/11.3.1/../../../../arm-none-eabi/lib/thumb/v7-m/nofp\libc_nano.a(libc_a-isattyr.o)
                0x000000000800868c                _isatty_r
 .text._sbrk_r  0x00000000080086ac       0x20 c:/st/stm32cubeide_1.3.0/stm32cubeide/plugins/com.st.stm32cube.ide.mcu.externaltools.gnu-tools-for-stm32.11.3.rel1.win32_1.0.100.202301251239/tools/bin/../lib/gcc/arm-none-eabi/11.3.1/../../../../arm-none-eabi/lib/thumb/v7-m/nofp\libc_nano.a(libc_a-sbrkr.o)
                0x00000000080086ac                _sbrk_r
 .text.memchr   0x00000000080086cc       0x1c c:/st/stm32cubeide_1.3.0/stm32cubeide/plugins/com.st.stm32cube.ide.mcu.externaltools.gnu-tools-for-stm32.11.3.rel1.win32_1.0.100.202301251239/tools/bin/../lib/gcc/arm-none-eabi/11.3.1/../../../../arm-none-eabi/lib/thumb/v7-m/nofp\libc_nano.a(libc_a-memchr-stub.o)
                0x00000000080086cc                memchr
 .text._realloc_r
                0x00000000080086e8       0x5e c:/st/stm32cubeide_1.3.0/stm32cubeide/plugins/com.st.stm32cube.ide.mcu.externaltools.gnu-tools-for-stm32.11.3.rel1.win32_1.0.100.202301251239/tools/bin/../lib/gcc/arm-none-eabi/11.3.1/../../../../arm-none-eabi/lib/thumb/v7-m/nofp\libc_nano.a(libc_a-reallocr.o)
                0x00000000080086e8                _realloc_r
 .text._malloc_usable_size_r
                0x0000000008008746       0x10 c:/st/stm32cubeide_1.3.0/stm32cubeide/plugins/com.st.stm32cube.ide.mcu.externaltools.gnu-tools-for-stm32.11.3.rel1.win32_1.0.100.202301251239/tools/bin/../lib/gcc/arm-none-eabi/11.3.1/../../../../arm-none-eabi/lib/thumb/v7-m/nofp\libc_nano.a(libc_a-msizer.o)
                0x0000000008008746                _malloc_usable_size_r
 *fill*         0x0000000008008756        0x2 
 .text._sbrk    0x0000000008008758       0x1c c:/st/stm32cubeide_1.3.0/stm32cubeide/plugins/com.st.stm32cube.ide.mcu.externaltools.gnu-tools-for-stm32.11.3.rel1.win32_1.0.100.202301251239/tools/bin/../lib/gcc/arm-none-eabi/11.3.1/../../../../arm-none-eabi/lib/thumb/v7-m/nofp\libnosys.a(sbrk.o)
                0x0000000008008758                _sbrk
 *(.glue_7)
 .glue_7        0x0000000008008774        0x0 linker stubs
 *(.glue_7t)
 .glue_7t       0x0000000008008774        0x0 linker stubs
 *(.eh_frame)
 .eh_frame      0x0000000008008774        0x0 c:/st/stm32cubeide_1.3.0/stm32cubeide/plugins/com.st.stm32cube.ide.mcu.externaltools.gnu-tools-for-stm32.11.3.rel1.win32_1.0.100.202301251239/tools/bin/../lib/gcc/arm-none-eabi/11.3.1/thumb/v7-m/nofp/crtbegin.o
 *(.init)
 .init          0x0000000008008774        0x4 c:/st/stm32cubeide_1.3.0/stm32cubeide/plugins/com.st.stm32cube.ide.mcu.externaltools.gnu-tools-for-stm32.11.3.rel1.win32_1.0.100.202301251239/tools/bin/../lib/gcc/arm-none-eabi/11.3.1/thumb/v7-m/nofp/crti.o
                0x0000000008008774                _init
 .init          0x0000000008008778        0x8 c:/st/stm32cubeide_1.3.0/stm32cubeide/plugins/com.st.stm32cube.ide.mcu.externaltools.gnu-tools-for-stm32.11.3.rel1.win32_1.0.100.202301251239/tools/bin/../lib/gcc/arm-none-eabi/11.3.1/thumb/v7-m/nofp/crtn.o
 *(.fini)
 .fini          0x0000000008008780        0x4 c:/st/stm32cubeide_1.3.0/stm32cubeide/plugins/com.st.stm32cube.ide.mcu.externaltools.gnu-tools-for-stm32.11.3.rel1.win32_1.0.100.202301251239/tools/bin/../lib/gcc/arm-none-eabi/11.3.1/thumb/v7-m/nofp/crti.o
                0x0000000008008780                _fini
 .fini          0x0000000008008784        0x8 c:/st/stm32cubeide_1.3.0/stm32cubeide/plugins/com.st.stm32cube.ide.mcu.externaltools.gnu-tools-for-stm32.11.3.rel1.win32_1.0.100.202301251239/tools/bin/../lib/gcc/arm-none-eabi/11.3.1/thumb/v7-m/nofp/crtn.o
                0x000000000800878c                . = ALIGN (0x4)
                0x000000000800878c                _etext = .

.vfp11_veneer   0x000000000800878c        0x0
 .vfp11_veneer  0x000000000800878c        0x0 linker stubs

.v4_bx          0x000000000800878c        0x0
 .v4_bx         0x000000000800878c        0x0 linker stubs

.iplt           0x000000000800878c        0x0
 .iplt          0x000000000800878c        0x0 c:/st/stm32cubeide_1.3.0/stm32cubeide/plugins/com.st.stm32cube.ide.mcu.externaltools.gnu-tools-for-stm32.11.3.rel1.win32_1.0.100.202301251239/tools/bin/../lib/gcc/arm-none-eabi/11.3.1/thumb/v7-m/nofp/crtbegin.o

.rodata         0x000000000800878c      0x1c8
                0x000000000800878c                . = ALIGN (0x4)
 *(.rodata)
 .rodata        0x000000000800878c       0xc6 ./Core/Src/SchM_DigitalClock.o
 *fill*         0x0000000008008852        0x2 
 .rodata        0x0000000008008854        0x5 ./ThirdParty/FreeRTOS/tasks.o
 *fill*         0x0000000008008859        0x3 
 .rodata        0x000000000800885c        0x9 ./ThirdParty/SystemView_SEGGER/SEGGER/SEGGER_RTT.o
 *fill*         0x0000000008008865        0x3 
 .rodata        0x0000000008008868       0x58 ./ThirdParty/SystemView_SEGGER/Sample/FreeRTOS/SEGGER_SYSVIEW_FreeRTOS.o
 *(.rodata*)
 .rodata.AHBPrescTable
                0x00000000080088c0       0x10 ./Core/Src/system_stm32f1xx.o
                0x00000000080088c0                AHBPrescTable
 .rodata.APBPrescTable
                0x00000000080088d0        0x8 ./Core/Src/system_stm32f1xx.o
                0x00000000080088d0                APBPrescTable
 .rodata.aPLLMULFactorTable.1
                0x00000000080088d8       0x10 ./Drivers/STM32F1xx_HAL_Driver/Src/stm32f1xx_hal_rcc.o
 .rodata.aPredivFactorTable.0
                0x00000000080088e8        0x2 ./Drivers/STM32F1xx_HAL_Driver/Src/stm32f1xx_hal_rcc.o
 *fill*         0x00000000080088ea        0x2 
 .rodata.aPLLMULFactorTable.1
                0x00000000080088ec       0x10 ./Drivers/STM32F1xx_HAL_Driver/Src/stm32f1xx_hal_rcc_ex.o
 .rodata.aPredivFactorTable.0
                0x00000000080088fc        0x2 ./Drivers/STM32F1xx_HAL_Driver/Src/stm32f1xx_hal_rcc_ex.o
 *fill*         0x00000000080088fe        0x2 
 .rodata._aInitStr.0
                0x0000000008008900       0x11 ./ThirdParty/SystemView_SEGGER/SEGGER/SEGGER_RTT.o
 *fill*         0x0000000008008911        0x3 
 .rodata._abSync
                0x0000000008008914        0xa ./ThirdParty/SystemView_SEGGER/SEGGER/SEGGER_SYSVIEW.o
 .rodata._svfprintf_r.str1.1
                0x000000000800891e       0x11 c:/st/stm32cubeide_1.3.0/stm32cubeide/plugins/com.st.stm32cube.ide.mcu.externaltools.gnu-tools-for-stm32.11.3.rel1.win32_1.0.100.202301251239/tools/bin/../lib/gcc/arm-none-eabi/11.3.1/../../../../arm-none-eabi/lib/thumb/v7-m/nofp\libc_nano.a(libc_a-nano-svfprintf.o)
 .rodata._printf_i.str1.1
                0x000000000800892f       0x22 c:/st/stm32cubeide_1.3.0/stm32cubeide/plugins/com.st.stm32cube.ide.mcu.externaltools.gnu-tools-for-stm32.11.3.rel1.win32_1.0.100.202301251239/tools/bin/../lib/gcc/arm-none-eabi/11.3.1/../../../../arm-none-eabi/lib/thumb/v7-m/nofp\libc_nano.a(libc_a-nano-vfprintf_i.o)
                0x0000000008008954                . = ALIGN (0x4)
 *fill*         0x0000000008008951        0x3 

.rel.dyn        0x0000000008008954        0x0
 .rel.iplt      0x0000000008008954        0x0 c:/st/stm32cubeide_1.3.0/stm32cubeide/plugins/com.st.stm32cube.ide.mcu.externaltools.gnu-tools-for-stm32.11.3.rel1.win32_1.0.100.202301251239/tools/bin/../lib/gcc/arm-none-eabi/11.3.1/thumb/v7-m/nofp/crtbegin.o

.ARM.extab      0x0000000008008954        0x0
                0x0000000008008954                . = ALIGN (0x4)
 *(.ARM.extab* .gnu.linkonce.armextab.*)
                0x0000000008008954                . = ALIGN (0x4)

.ARM            0x0000000008008954        0x0
                0x0000000008008954                . = ALIGN (0x4)
                0x0000000008008954                __exidx_start = .
 *(.ARM.exidx*)
                0x0000000008008954                __exidx_end = .
                0x0000000008008954                . = ALIGN (0x4)

.preinit_array  0x0000000008008954        0x0
                0x0000000008008954                . = ALIGN (0x4)
                0x0000000008008954                PROVIDE (__preinit_array_start = .)
 *(.preinit_array*)
                0x0000000008008954                PROVIDE (__preinit_array_end = .)
                0x0000000008008954                . = ALIGN (0x4)

.init_array     0x0000000008008954        0x4
                0x0000000008008954                . = ALIGN (0x4)
                0x0000000008008954                PROVIDE (__init_array_start = .)
 *(SORT_BY_NAME(.init_array.*))
 *(.init_array*)
 .init_array    0x0000000008008954        0x4 c:/st/stm32cubeide_1.3.0/stm32cubeide/plugins/com.st.stm32cube.ide.mcu.externaltools.gnu-tools-for-stm32.11.3.rel1.win32_1.0.100.202301251239/tools/bin/../lib/gcc/arm-none-eabi/11.3.1/thumb/v7-m/nofp/crtbegin.o
                0x0000000008008958                PROVIDE (__init_array_end = .)
                0x0000000008008958                . = ALIGN (0x4)

.fini_array     0x0000000008008958        0x4
                0x0000000008008958                . = ALIGN (0x4)
                [!provide]                        PROVIDE (__fini_array_start = .)
 *(SORT_BY_NAME(.fini_array.*))
 *(.fini_array*)
 .fini_array    0x0000000008008958        0x4 c:/st/stm32cubeide_1.3.0/stm32cubeide/plugins/com.st.stm32cube.ide.mcu.externaltools.gnu-tools-for-stm32.11.3.rel1.win32_1.0.100.202301251239/tools/bin/../lib/gcc/arm-none-eabi/11.3.1/thumb/v7-m/nofp/crtbegin.o
                [!provide]                        PROVIDE (__fini_array_end = .)
                0x000000000800895c                . = ALIGN (0x4)
                0x000000000800895c                _sidata = LOADADDR (.data)

.data           0x0000000020000000       0x90 load address 0x000000000800895c
                0x0000000020000000                . = ALIGN (0x4)
                0x0000000020000000                _sdata = .
 *(.data)
 *(.data*)
 .data.fixed_end_nextion
                0x0000000020000000        0x3 ./Core/Src/SchM_DigitalClock.o
                0x0000000020000000                fixed_end_nextion
 *fill*         0x0000000020000003        0x1 
 .data.time_format_am
                0x0000000020000004        0x3 ./Core/Src/SchM_DigitalClock.o
                0x0000000020000004                time_format_am
 *fill*         0x0000000020000007        0x1 
 .data.time_format_pm
                0x0000000020000008        0x3 ./Core/Src/SchM_DigitalClock.o
                0x0000000020000008                time_format_pm
 *fill*         0x000000002000000b        0x1 
 .data.Str_Nextion
                0x000000002000000c       0x14 ./Core/Src/SchM_DigitalClock.o
                0x000000002000000c                Str_Nextion
 .data.SystemCoreClock
                0x0000000020000020        0x4 ./Core/Src/system_stm32f1xx.o
                0x0000000020000020                SystemCoreClock
 .data.uwTickPrio
                0x0000000020000024        0x4 ./Drivers/STM32F1xx_HAL_Driver/Src/stm32f1xx_hal.o
                0x0000000020000024                uwTickPrio
 .data.uwTickFreq
                0x0000000020000028        0x1 ./Drivers/STM32F1xx_HAL_Driver/Src/stm32f1xx_hal.o
                0x0000000020000028                uwTickFreq
 *fill*         0x0000000020000029        0x3 
 .data.uxTopUsedPriority
                0x000000002000002c        0x4 ./ThirdParty/FreeRTOS/tasks.o
                0x000000002000002c                uxTopUsedPriority
 .data.uxCriticalNesting
                0x0000000020000030        0x4 ./ThirdParty/FreeRTOS/portable/GCC/ARM_CM3/port.o
 .data.__sglue  0x0000000020000034        0xc c:/st/stm32cubeide_1.3.0/stm32cubeide/plugins/com.st.stm32cube.ide.mcu.externaltools.gnu-tools-for-stm32.11.3.rel1.win32_1.0.100.202301251239/tools/bin/../lib/gcc/arm-none-eabi/11.3.1/../../../../arm-none-eabi/lib/thumb/v7-m/nofp\libc_nano.a(libc_a-findfp.o)
                0x0000000020000034                __sglue
 .data._impure_data
                0x0000000020000040       0x4c c:/st/stm32cubeide_1.3.0/stm32cubeide/plugins/com.st.stm32cube.ide.mcu.externaltools.gnu-tools-for-stm32.11.3.rel1.win32_1.0.100.202301251239/tools/bin/../lib/gcc/arm-none-eabi/11.3.1/../../../../arm-none-eabi/lib/thumb/v7-m/nofp\libc_nano.a(libc_a-impure.o)
                0x0000000020000040                _impure_data
 .data._impure_ptr
                0x000000002000008c        0x4 c:/st/stm32cubeide_1.3.0/stm32cubeide/plugins/com.st.stm32cube.ide.mcu.externaltools.gnu-tools-for-stm32.11.3.rel1.win32_1.0.100.202301251239/tools/bin/../lib/gcc/arm-none-eabi/11.3.1/../../../../arm-none-eabi/lib/thumb/v7-m/nofp\libc_nano.a(libc_a-impure.o)
                0x000000002000008c                _impure_ptr
 *(.RamFunc)
 *(.RamFunc*)
                0x0000000020000090                . = ALIGN (0x4)
                0x0000000020000090                _edata = .

.igot.plt       0x0000000020000090        0x0 load address 0x00000000080089ec
 .igot.plt      0x0000000020000090        0x0 c:/st/stm32cubeide_1.3.0/stm32cubeide/plugins/com.st.stm32cube.ide.mcu.externaltools.gnu-tools-for-stm32.11.3.rel1.win32_1.0.100.202301251239/tools/bin/../lib/gcc/arm-none-eabi/11.3.1/thumb/v7-m/nofp/crtbegin.o
                0x0000000020000090                . = ALIGN (0x4)

.bss            0x0000000020000090     0x21a4 load address 0x00000000080089ec
                0x0000000020000090                _sbss = .
                0x0000000020000090                __bss_start__ = _sbss
 *(.bss)
 .bss           0x0000000020000090       0x1c c:/st/stm32cubeide_1.3.0/stm32cubeide/plugins/com.st.stm32cube.ide.mcu.externaltools.gnu-tools-for-stm32.11.3.rel1.win32_1.0.100.202301251239/tools/bin/../lib/gcc/arm-none-eabi/11.3.1/thumb/v7-m/nofp/crtbegin.o
 *(.bss*)
 .bss.time_format
                0x00000000200000ac        0x2 ./Core/Src/SchM_DigitalClock.o
                0x00000000200000ac                time_format
 *fill*         0x00000000200000ae        0x2 
 .bss.Get_Time_Handler
                0x00000000200000b0        0x4 ./Core/Src/SchM_DigitalClock.o
                0x00000000200000b0                Get_Time_Handler
 .bss.Print_Time_Handler
                0x00000000200000b4        0x4 ./Core/Src/SchM_DigitalClock.o
                0x00000000200000b4                Print_Time_Handler
 .bss.Process_Rx_Data_Handler
                0x00000000200000b8        0x4 ./Core/Src/SchM_DigitalClock.o
                0x00000000200000b8                Process_Rx_Data_Handler
 .bss.Time_Queue_Handler
                0x00000000200000bc        0x4 ./Core/Src/SchM_DigitalClock.o
                0x00000000200000bc                Time_Queue_Handler
 .bss.User_Input_Time_Date_Queue_Handler
                0x00000000200000c0        0x4 ./Core/Src/SchM_DigitalClock.o
                0x00000000200000c0                User_Input_Time_Date_Queue_Handler
 .bss.f_status.0
                0x00000000200000c4        0x1 ./Core/Src/SchM_DigitalClock.o
 *fill*         0x00000000200000c5        0x3 
 .bss.hrtc      0x00000000200000c8       0x14 ./Core/Src/rtc.o
                0x00000000200000c8                hrtc
 .bss.htim4     0x00000000200000dc       0x48 ./Core/Src/stm32f1xx_hal_timebase_tim.o
                0x00000000200000dc                htim4
 .bss.huart1    0x0000000020000124       0x48 ./Core/Src/usart.o
                0x0000000020000124                huart1
 .bss.uwTick    0x000000002000016c        0x4 ./Drivers/STM32F1xx_HAL_Driver/Src/stm32f1xx_hal.o
                0x000000002000016c                uwTick
 .bss.pxCurrentTCB
                0x0000000020000170        0x4 ./ThirdParty/FreeRTOS/tasks.o
                0x0000000020000170                pxCurrentTCB
 .bss.pxReadyTasksLists
                0x0000000020000174       0x3c ./ThirdParty/FreeRTOS/tasks.o
 .bss.xDelayedTaskList1
                0x00000000200001b0       0x14 ./ThirdParty/FreeRTOS/tasks.o
 .bss.xDelayedTaskList2
                0x00000000200001c4       0x14 ./ThirdParty/FreeRTOS/tasks.o
 .bss.pxDelayedTaskList
                0x00000000200001d8        0x4 ./ThirdParty/FreeRTOS/tasks.o
 .bss.pxOverflowDelayedTaskList
                0x00000000200001dc        0x4 ./ThirdParty/FreeRTOS/tasks.o
 .bss.xPendingReadyList
                0x00000000200001e0       0x14 ./ThirdParty/FreeRTOS/tasks.o
 .bss.xTasksWaitingTermination
                0x00000000200001f4       0x14 ./ThirdParty/FreeRTOS/tasks.o
 .bss.uxDeletedTasksWaitingCleanUp
                0x0000000020000208        0x4 ./ThirdParty/FreeRTOS/tasks.o
 .bss.xSuspendedTaskList
                0x000000002000020c       0x14 ./ThirdParty/FreeRTOS/tasks.o
 .bss.uxCurrentNumberOfTasks
                0x0000000020000220        0x4 ./ThirdParty/FreeRTOS/tasks.o
 .bss.xTickCount
                0x0000000020000224        0x4 ./ThirdParty/FreeRTOS/tasks.o
 .bss.uxTopReadyPriority
                0x0000000020000228        0x4 ./ThirdParty/FreeRTOS/tasks.o
 .bss.xSchedulerRunning
                0x000000002000022c        0x4 ./ThirdParty/FreeRTOS/tasks.o
 .bss.xPendedTicks
                0x0000000020000230        0x4 ./ThirdParty/FreeRTOS/tasks.o
 .bss.xYieldPending
                0x0000000020000234        0x4 ./ThirdParty/FreeRTOS/tasks.o
 .bss.xNumOfOverflows
                0x0000000020000238        0x4 ./ThirdParty/FreeRTOS/tasks.o
 .bss.uxTaskNumber
                0x000000002000023c        0x4 ./ThirdParty/FreeRTOS/tasks.o
 .bss.xNextTaskUnblockTime
                0x0000000020000240        0x4 ./ThirdParty/FreeRTOS/tasks.o
 .bss.xIdleTaskHandle
                0x0000000020000244        0x4 ./ThirdParty/FreeRTOS/tasks.o
 .bss.uxSchedulerSuspended
                0x0000000020000248        0x4 ./ThirdParty/FreeRTOS/tasks.o
 .bss.ucMaxSysCallPriority
                0x000000002000024c        0x1 ./ThirdParty/FreeRTOS/portable/GCC/ARM_CM3/port.o
 *fill*         0x000000002000024d        0x3 
 .bss.ulMaxPRIGROUPValue
                0x0000000020000250        0x4 ./ThirdParty/FreeRTOS/portable/GCC/ARM_CM3/port.o
 .bss.ucHeap    0x0000000020000254     0x1800 ./ThirdParty/FreeRTOS/portable/MemMang/heap_4.o
 .bss.xStart    0x0000000020001a54        0x8 ./ThirdParty/FreeRTOS/portable/MemMang/heap_4.o
 .bss.pxEnd     0x0000000020001a5c        0x4 ./ThirdParty/FreeRTOS/portable/MemMang/heap_4.o
 .bss.xFreeBytesRemaining
                0x0000000020001a60        0x4 ./ThirdParty/FreeRTOS/portable/MemMang/heap_4.o
 .bss.xMinimumEverFreeBytesRemaining
                0x0000000020001a64        0x4 ./ThirdParty/FreeRTOS/portable/MemMang/heap_4.o
 .bss.xNumberOfSuccessfulAllocations
                0x0000000020001a68        0x4 ./ThirdParty/FreeRTOS/portable/MemMang/heap_4.o
 .bss.xNumberOfSuccessfulFrees
                0x0000000020001a6c        0x4 ./ThirdParty/FreeRTOS/portable/MemMang/heap_4.o
 .bss.xBlockAllocatedBit
                0x0000000020001a70        0x4 ./ThirdParty/FreeRTOS/portable/MemMang/heap_4.o
 .bss._SEGGER_RTT
                0x0000000020001a74       0xa8 ./ThirdParty/SystemView_SEGGER/SEGGER/SEGGER_RTT.o
                0x0000000020001a74                _SEGGER_RTT
 .bss._acUpBuffer
                0x0000000020001b1c      0x400 ./ThirdParty/SystemView_SEGGER/SEGGER/SEGGER_RTT.o
 .bss._acDownBuffer
                0x0000000020001f1c       0x10 ./ThirdParty/SystemView_SEGGER/SEGGER/SEGGER_RTT.o
 .bss._SYSVIEW_Globals
                0x0000000020001f2c       0x28 ./ThirdParty/SystemView_SEGGER/SEGGER/SEGGER_SYSVIEW.o
 .bss._pFirstModule
                0x0000000020001f54        0x4 ./ThirdParty/SystemView_SEGGER/SEGGER/SEGGER_SYSVIEW.o
 .bss._NumModules
                0x0000000020001f58        0x1 ./ThirdParty/SystemView_SEGGER/SEGGER/SEGGER_SYSVIEW.o
 *fill*         0x0000000020001f59        0x3 
 .bss._aPacket  0x0000000020001f5c       0xe3 ./ThirdParty/SystemView_SEGGER/SEGGER/SEGGER_SYSVIEW.o
 *fill*         0x000000002000203f        0x1 
 .bss._aTasks   0x0000000020002040       0xa0 ./ThirdParty/SystemView_SEGGER/Sample/FreeRTOS/SEGGER_SYSVIEW_FreeRTOS.o
 .bss._NumTasks
                0x00000000200020e0        0x4 ./ThirdParty/SystemView_SEGGER/Sample/FreeRTOS/SEGGER_SYSVIEW_FreeRTOS.o
 .bss.__sf      0x00000000200020e4      0x138 c:/st/stm32cubeide_1.3.0/stm32cubeide/plugins/com.st.stm32cube.ide.mcu.externaltools.gnu-tools-for-stm32.11.3.rel1.win32_1.0.100.202301251239/tools/bin/../lib/gcc/arm-none-eabi/11.3.1/../../../../arm-none-eabi/lib/thumb/v7-m/nofp\libc_nano.a(libc_a-findfp.o)
                0x00000000200020e4                __sf
 .bss.__stdio_exit_handler
                0x000000002000221c        0x4 c:/st/stm32cubeide_1.3.0/stm32cubeide/plugins/com.st.stm32cube.ide.mcu.externaltools.gnu-tools-for-stm32.11.3.rel1.win32_1.0.100.202301251239/tools/bin/../lib/gcc/arm-none-eabi/11.3.1/../../../../arm-none-eabi/lib/thumb/v7-m/nofp\libc_nano.a(libc_a-findfp.o)
                0x000000002000221c                __stdio_exit_handler
 .bss.errno     0x0000000020002220        0x4 c:/st/stm32cubeide_1.3.0/stm32cubeide/plugins/com.st.stm32cube.ide.mcu.externaltools.gnu-tools-for-stm32.11.3.rel1.win32_1.0.100.202301251239/tools/bin/../lib/gcc/arm-none-eabi/11.3.1/../../../../arm-none-eabi/lib/thumb/v7-m/nofp\libc_nano.a(libc_a-reent.o)
                0x0000000020002220                errno
 .bss.__lock___malloc_recursive_mutex
                0x0000000020002224        0x1 c:/st/stm32cubeide_1.3.0/stm32cubeide/plugins/com.st.stm32cube.ide.mcu.externaltools.gnu-tools-for-stm32.11.3.rel1.win32_1.0.100.202301251239/tools/bin/../lib/gcc/arm-none-eabi/11.3.1/../../../../arm-none-eabi/lib/thumb/v7-m/nofp\libc_nano.a(libc_a-lock.o)
                0x0000000020002224                __lock___malloc_recursive_mutex
 .bss.__lock___sfp_recursive_mutex
                0x0000000020002225        0x1 c:/st/stm32cubeide_1.3.0/stm32cubeide/plugins/com.st.stm32cube.ide.mcu.externaltools.gnu-tools-for-stm32.11.3.rel1.win32_1.0.100.202301251239/tools/bin/../lib/gcc/arm-none-eabi/11.3.1/../../../../arm-none-eabi/lib/thumb/v7-m/nofp\libc_nano.a(libc_a-lock.o)
                0x0000000020002225                __lock___sfp_recursive_mutex
 *fill*         0x0000000020002226        0x2 
 .bss.__malloc_free_list
                0x0000000020002228        0x4 c:/st/stm32cubeide_1.3.0/stm32cubeide/plugins/com.st.stm32cube.ide.mcu.externaltools.gnu-tools-for-stm32.11.3.rel1.win32_1.0.100.202301251239/tools/bin/../lib/gcc/arm-none-eabi/11.3.1/../../../../arm-none-eabi/lib/thumb/v7-m/nofp\libc_nano.a(libc_a-mallocr.o)
                0x0000000020002228                __malloc_free_list
 .bss.__malloc_sbrk_start
                0x000000002000222c        0x4 c:/st/stm32cubeide_1.3.0/stm32cubeide/plugins/com.st.stm32cube.ide.mcu.externaltools.gnu-tools-for-stm32.11.3.rel1.win32_1.0.100.202301251239/tools/bin/../lib/gcc/arm-none-eabi/11.3.1/../../../../arm-none-eabi/lib/thumb/v7-m/nofp\libc_nano.a(libc_a-mallocr.o)
                0x000000002000222c                __malloc_sbrk_start
 .bss.heap_end.0
                0x0000000020002230        0x4 c:/st/stm32cubeide_1.3.0/stm32cubeide/plugins/com.st.stm32cube.ide.mcu.externaltools.gnu-tools-for-stm32.11.3.rel1.win32_1.0.100.202301251239/tools/bin/../lib/gcc/arm-none-eabi/11.3.1/../../../../arm-none-eabi/lib/thumb/v7-m/nofp\libnosys.a(sbrk.o)
 *(COMMON)
                0x0000000020002234                . = ALIGN (0x4)
                0x0000000020002234                _ebss = .
                0x0000000020002234                __bss_end__ = _ebss

._user_heap_stack
                0x0000000020002234      0x604 load address 0x00000000080089ec
                0x0000000020002238                . = ALIGN (0x8)
 *fill*         0x0000000020002234        0x4 
                0x0000000020002238                PROVIDE (end = .)
                [!provide]                        PROVIDE (_end = .)
                0x0000000020002438                . = (. + _Min_Heap_Size)
 *fill*         0x0000000020002238      0x200 
                0x0000000020002838                . = (. + _Min_Stack_Size)
 *fill*         0x0000000020002438      0x400 
                0x0000000020002838                . = ALIGN (0x8)

/DISCARD/
 libc.a(*)
 libm.a(*)
 libgcc.a(*)

.ARM.attributes
                0x0000000000000000       0x29
 *(.ARM.attributes)
 .ARM.attributes
                0x0000000000000000       0x1d c:/st/stm32cubeide_1.3.0/stm32cubeide/plugins/com.st.stm32cube.ide.mcu.externaltools.gnu-tools-for-stm32.11.3.rel1.win32_1.0.100.202301251239/tools/bin/../lib/gcc/arm-none-eabi/11.3.1/thumb/v7-m/nofp/crti.o
 .ARM.attributes
                0x000000000000001d       0x2d c:/st/stm32cubeide_1.3.0/stm32cubeide/plugins/com.st.stm32cube.ide.mcu.externaltools.gnu-tools-for-stm32.11.3.rel1.win32_1.0.100.202301251239/tools/bin/../lib/gcc/arm-none-eabi/11.3.1/thumb/v7-m/nofp/crtbegin.o
 .ARM.attributes
                0x000000000000004a       0x2d ./Core/Src/SchM_DigitalClock.o
 .ARM.attributes
                0x0000000000000077       0x2d ./Core/Src/gpio.o
 .ARM.attributes
                0x00000000000000a4       0x2d ./Core/Src/main.o
 .ARM.attributes
                0x00000000000000d1       0x2d ./Core/Src/rtc.o
 .ARM.attributes
                0x00000000000000fe       0x2d ./Core/Src/stm32f1xx_hal_msp.o
 .ARM.attributes
                0x000000000000012b       0x2d ./Core/Src/stm32f1xx_hal_timebase_tim.o
 .ARM.attributes
                0x0000000000000158       0x2d ./Core/Src/stm32f1xx_it.o
 .ARM.attributes
                0x0000000000000185       0x2d ./Core/Src/syscalls.o
 .ARM.attributes
                0x00000000000001b2       0x2d ./Core/Src/system_stm32f1xx.o
 .ARM.attributes
                0x00000000000001df       0x2d ./Core/Src/usart.o
 .ARM.attributes
                0x000000000000020c       0x21 ./Core/Startup/startup_stm32f103c8tx.o
 .ARM.attributes
                0x000000000000022d       0x2d ./Drivers/STM32F1xx_HAL_Driver/Src/stm32f1xx_hal.o
 .ARM.attributes
                0x000000000000025a       0x2d ./Drivers/STM32F1xx_HAL_Driver/Src/stm32f1xx_hal_cortex.o
 .ARM.attributes
                0x0000000000000287       0x2d ./Drivers/STM32F1xx_HAL_Driver/Src/stm32f1xx_hal_dma.o
 .ARM.attributes
                0x00000000000002b4       0x2d ./Drivers/STM32F1xx_HAL_Driver/Src/stm32f1xx_hal_gpio.o
 .ARM.attributes
                0x00000000000002e1       0x2d ./Drivers/STM32F1xx_HAL_Driver/Src/stm32f1xx_hal_pwr.o
 .ARM.attributes
                0x000000000000030e       0x2d ./Drivers/STM32F1xx_HAL_Driver/Src/stm32f1xx_hal_rcc.o
 .ARM.attributes
                0x000000000000033b       0x2d ./Drivers/STM32F1xx_HAL_Driver/Src/stm32f1xx_hal_rcc_ex.o
 .ARM.attributes
                0x0000000000000368       0x2d ./Drivers/STM32F1xx_HAL_Driver/Src/stm32f1xx_hal_rtc.o
 .ARM.attributes
                0x0000000000000395       0x2d ./Drivers/STM32F1xx_HAL_Driver/Src/stm32f1xx_hal_tim.o
 .ARM.attributes
                0x00000000000003c2       0x2d ./Drivers/STM32F1xx_HAL_Driver/Src/stm32f1xx_hal_tim_ex.o
 .ARM.attributes
                0x00000000000003ef       0x2d ./Drivers/STM32F1xx_HAL_Driver/Src/stm32f1xx_hal_uart.o
 .ARM.attributes
                0x000000000000041c       0x2d ./ThirdParty/FreeRTOS/list.o
 .ARM.attributes
                0x0000000000000449       0x2d ./ThirdParty/FreeRTOS/queue.o
 .ARM.attributes
                0x0000000000000476       0x2d ./ThirdParty/FreeRTOS/tasks.o
 .ARM.attributes
                0x00000000000004a3       0x2d ./ThirdParty/FreeRTOS/portable/GCC/ARM_CM3/port.o
 .ARM.attributes
                0x00000000000004d0       0x2d ./ThirdParty/FreeRTOS/portable/MemMang/heap_4.o
 .ARM.attributes
                0x00000000000004fd       0x2d ./ThirdParty/SystemView_SEGGER/SEGGER/SEGGER_RTT.o
 .ARM.attributes
                0x000000000000052a       0x1b ./ThirdParty/SystemView_SEGGER/SEGGER/SEGGER_RTT_ASM_ARMv7M.o
 .ARM.attributes
                0x0000000000000545       0x2d ./ThirdParty/SystemView_SEGGER/SEGGER/SEGGER_SYSVIEW.o
 .ARM.attributes
                0x0000000000000572       0x2d ./ThirdParty/SystemView_SEGGER/SEGGER/Syscalls/SEGGER_RTT_Syscalls_GCC.o
 .ARM.attributes
                0x000000000000059f       0x2d ./ThirdParty/SystemView_SEGGER/Sample/FreeRTOS/SEGGER_SYSVIEW_FreeRTOS.o
 .ARM.attributes
                0x00000000000005cc       0x2d c:/st/stm32cubeide_1.3.0/stm32cubeide/plugins/com.st.stm32cube.ide.mcu.externaltools.gnu-tools-for-stm32.11.3.rel1.win32_1.0.100.202301251239/tools/bin/../lib/gcc/arm-none-eabi/11.3.1/../../../../arm-none-eabi/lib/thumb/v7-m/nofp\libc_nano.a(libc_a-findfp.o)
 .ARM.attributes
                0x00000000000005f9       0x2d c:/st/stm32cubeide_1.3.0/stm32cubeide/plugins/com.st.stm32cube.ide.mcu.externaltools.gnu-tools-for-stm32.11.3.rel1.win32_1.0.100.202301251239/tools/bin/../lib/gcc/arm-none-eabi/11.3.1/../../../../arm-none-eabi/lib/thumb/v7-m/nofp\libc_nano.a(libc_a-fwalk.o)
 .ARM.attributes
                0x0000000000000626       0x2d c:/st/stm32cubeide_1.3.0/stm32cubeide/plugins/com.st.stm32cube.ide.mcu.externaltools.gnu-tools-for-stm32.11.3.rel1.win32_1.0.100.202301251239/tools/bin/../lib/gcc/arm-none-eabi/11.3.1/../../../../arm-none-eabi/lib/thumb/v7-m/nofp\libc_nano.a(libc_a-puts.o)
 .ARM.attributes
                0x0000000000000653       0x2d c:/st/stm32cubeide_1.3.0/stm32cubeide/plugins/com.st.stm32cube.ide.mcu.externaltools.gnu-tools-for-stm32.11.3.rel1.win32_1.0.100.202301251239/tools/bin/../lib/gcc/arm-none-eabi/11.3.1/../../../../arm-none-eabi/lib/thumb/v7-m/nofp\libc_nano.a(libc_a-sprintf.o)
 .ARM.attributes
                0x0000000000000680       0x2d c:/st/stm32cubeide_1.3.0/stm32cubeide/plugins/com.st.stm32cube.ide.mcu.externaltools.gnu-tools-for-stm32.11.3.rel1.win32_1.0.100.202301251239/tools/bin/../lib/gcc/arm-none-eabi/11.3.1/../../../../arm-none-eabi/lib/thumb/v7-m/nofp\libc_nano.a(libc_a-stdio.o)
 .ARM.attributes
                0x00000000000006ad       0x2d c:/st/stm32cubeide_1.3.0/stm32cubeide/plugins/com.st.stm32cube.ide.mcu.externaltools.gnu-tools-for-stm32.11.3.rel1.win32_1.0.100.202301251239/tools/bin/../lib/gcc/arm-none-eabi/11.3.1/../../../../arm-none-eabi/lib/thumb/v7-m/nofp\libc_nano.a(libc_a-wbuf.o)
 .ARM.attributes
                0x00000000000006da       0x2d c:/st/stm32cubeide_1.3.0/stm32cubeide/plugins/com.st.stm32cube.ide.mcu.externaltools.gnu-tools-for-stm32.11.3.rel1.win32_1.0.100.202301251239/tools/bin/../lib/gcc/arm-none-eabi/11.3.1/../../../../arm-none-eabi/lib/thumb/v7-m/nofp\libc_nano.a(libc_a-wsetup.o)
 .ARM.attributes
                0x0000000000000707       0x2d c:/st/stm32cubeide_1.3.0/stm32cubeide/plugins/com.st.stm32cube.ide.mcu.externaltools.gnu-tools-for-stm32.11.3.rel1.win32_1.0.100.202301251239/tools/bin/../lib/gcc/arm-none-eabi/11.3.1/../../../../arm-none-eabi/lib/thumb/v7-m/nofp\libc_nano.a(libc_a-memcmp.o)
 .ARM.attributes
                0x0000000000000734       0x2d c:/st/stm32cubeide_1.3.0/stm32cubeide/plugins/com.st.stm32cube.ide.mcu.externaltools.gnu-tools-for-stm32.11.3.rel1.win32_1.0.100.202301251239/tools/bin/../lib/gcc/arm-none-eabi/11.3.1/../../../../arm-none-eabi/lib/thumb/v7-m/nofp\libc_nano.a(libc_a-memset.o)
 .ARM.attributes
                0x0000000000000761       0x2d c:/st/stm32cubeide_1.3.0/stm32cubeide/plugins/com.st.stm32cube.ide.mcu.externaltools.gnu-tools-for-stm32.11.3.rel1.win32_1.0.100.202301251239/tools/bin/../lib/gcc/arm-none-eabi/11.3.1/../../../../arm-none-eabi/lib/thumb/v7-m/nofp\libc_nano.a(libc_a-strstr.o)
 .ARM.attributes
                0x000000000000078e       0x2d c:/st/stm32cubeide_1.3.0/stm32cubeide/plugins/com.st.stm32cube.ide.mcu.externaltools.gnu-tools-for-stm32.11.3.rel1.win32_1.0.100.202301251239/tools/bin/../lib/gcc/arm-none-eabi/11.3.1/../../../../arm-none-eabi/lib/thumb/v7-m/nofp\libc_nano.a(libc_a-closer.o)
 .ARM.attributes
                0x00000000000007bb       0x2d c:/st/stm32cubeide_1.3.0/stm32cubeide/plugins/com.st.stm32cube.ide.mcu.externaltools.gnu-tools-for-stm32.11.3.rel1.win32_1.0.100.202301251239/tools/bin/../lib/gcc/arm-none-eabi/11.3.1/../../../../arm-none-eabi/lib/thumb/v7-m/nofp\libc_nano.a(libc_a-reent.o)
 .ARM.attributes
                0x00000000000007e8       0x2d c:/st/stm32cubeide_1.3.0/stm32cubeide/plugins/com.st.stm32cube.ide.mcu.externaltools.gnu-tools-for-stm32.11.3.rel1.win32_1.0.100.202301251239/tools/bin/../lib/gcc/arm-none-eabi/11.3.1/../../../../arm-none-eabi/lib/thumb/v7-m/nofp\libc_nano.a(libc_a-impure.o)
 .ARM.attributes
                0x0000000000000815       0x2d c:/st/stm32cubeide_1.3.0/stm32cubeide/plugins/com.st.stm32cube.ide.mcu.externaltools.gnu-tools-for-stm32.11.3.rel1.win32_1.0.100.202301251239/tools/bin/../lib/gcc/arm-none-eabi/11.3.1/../../../../arm-none-eabi/lib/thumb/v7-m/nofp\libc_nano.a(libc_a-lseekr.o)
 .ARM.attributes
                0x0000000000000842       0x2d c:/st/stm32cubeide_1.3.0/stm32cubeide/plugins/com.st.stm32cube.ide.mcu.externaltools.gnu-tools-for-stm32.11.3.rel1.win32_1.0.100.202301251239/tools/bin/../lib/gcc/arm-none-eabi/11.3.1/../../../../arm-none-eabi/lib/thumb/v7-m/nofp\libc_nano.a(libc_a-readr.o)
 .ARM.attributes
                0x000000000000086f       0x2d c:/st/stm32cubeide_1.3.0/stm32cubeide/plugins/com.st.stm32cube.ide.mcu.externaltools.gnu-tools-for-stm32.11.3.rel1.win32_1.0.100.202301251239/tools/bin/../lib/gcc/arm-none-eabi/11.3.1/../../../../arm-none-eabi/lib/thumb/v7-m/nofp\libc_nano.a(libc_a-init.o)
 .ARM.attributes
                0x000000000000089c       0x2d c:/st/stm32cubeide_1.3.0/stm32cubeide/plugins/com.st.stm32cube.ide.mcu.externaltools.gnu-tools-for-stm32.11.3.rel1.win32_1.0.100.202301251239/tools/bin/../lib/gcc/arm-none-eabi/11.3.1/../../../../arm-none-eabi/lib/thumb/v7-m/nofp\libc_nano.a(libc_a-lock.o)
 .ARM.attributes
                0x00000000000008c9       0x2d c:/st/stm32cubeide_1.3.0/stm32cubeide/plugins/com.st.stm32cube.ide.mcu.externaltools.gnu-tools-for-stm32.11.3.rel1.win32_1.0.100.202301251239/tools/bin/../lib/gcc/arm-none-eabi/11.3.1/../../../../arm-none-eabi/lib/thumb/v7-m/nofp\libc_nano.a(libc_a-strcpy.o)
 .ARM.attributes
                0x00000000000008f6       0x2d c:/st/stm32cubeide_1.3.0/stm32cubeide/plugins/com.st.stm32cube.ide.mcu.externaltools.gnu-tools-for-stm32.11.3.rel1.win32_1.0.100.202301251239/tools/bin/../lib/gcc/arm-none-eabi/11.3.1/../../../../arm-none-eabi/lib/thumb/v7-m/nofp\libc_nano.a(libc_a-memcpy-stub.o)
 .ARM.attributes
                0x0000000000000923       0x2d c:/st/stm32cubeide_1.3.0/stm32cubeide/plugins/com.st.stm32cube.ide.mcu.externaltools.gnu-tools-for-stm32.11.3.rel1.win32_1.0.100.202301251239/tools/bin/../lib/gcc/arm-none-eabi/11.3.1/../../../../arm-none-eabi/lib/thumb/v7-m/nofp\libc_nano.a(libc_a-freer.o)
 .ARM.attributes
                0x0000000000000950       0x2d c:/st/stm32cubeide_1.3.0/stm32cubeide/plugins/com.st.stm32cube.ide.mcu.externaltools.gnu-tools-for-stm32.11.3.rel1.win32_1.0.100.202301251239/tools/bin/../lib/gcc/arm-none-eabi/11.3.1/../../../../arm-none-eabi/lib/thumb/v7-m/nofp\libc_nano.a(libc_a-mallocr.o)
 .ARM.attributes
                0x000000000000097d       0x2d c:/st/stm32cubeide_1.3.0/stm32cubeide/plugins/com.st.stm32cube.ide.mcu.externaltools.gnu-tools-for-stm32.11.3.rel1.win32_1.0.100.202301251239/tools/bin/../lib/gcc/arm-none-eabi/11.3.1/../../../../arm-none-eabi/lib/thumb/v7-m/nofp\libc_nano.a(libc_a-mlock.o)
 .ARM.attributes
                0x00000000000009aa       0x2d c:/st/stm32cubeide_1.3.0/stm32cubeide/plugins/com.st.stm32cube.ide.mcu.externaltools.gnu-tools-for-stm32.11.3.rel1.win32_1.0.100.202301251239/tools/bin/../lib/gcc/arm-none-eabi/11.3.1/../../../../arm-none-eabi/lib/thumb/v7-m/nofp\libc_nano.a(libc_a-nano-svfprintf.o)
 .ARM.attributes